Archive member included to satisfy reference by file (symbol)

c:/workspace/tools/eclipse-embedcpp/xpack-arm-none-eabi-gcc-10.2.1-1.1/bin/../lib/gcc/arm-none-eabi/10.2.1/thumb/v7e-m+dp/hard\libgcc.a(unwind-arm.o)
                              ./main.o (__aeabi_unwind_cpp_pr1)
c:/workspace/tools/eclipse-embedcpp/xpack-arm-none-eabi-gcc-10.2.1-1.1/bin/../lib/gcc/arm-none-eabi/10.2.1/thumb/v7e-m+dp/hard\libgcc.a(libunwind.o)
                              c:/workspace/tools/eclipse-embedcpp/xpack-arm-none-eabi-gcc-10.2.1-1.1/bin/../lib/gcc/arm-none-eabi/10.2.1/thumb/v7e-m+dp/hard\libgcc.a(unwind-arm.o) (restore_core_regs)
c:/workspace/tools/eclipse-embedcpp/xpack-arm-none-eabi-gcc-10.2.1-1.1/bin/../lib/gcc/arm-none-eabi/10.2.1/thumb/v7e-m+dp/hard\libgcc.a(pr-support.o)
                              c:/workspace/tools/eclipse-embedcpp/xpack-arm-none-eabi-gcc-10.2.1-1.1/bin/../lib/gcc/arm-none-eabi/10.2.1/thumb/v7e-m+dp/hard\libgcc.a(unwind-arm.o) (__gnu_unwind_execute)
c:/workspace/tools/eclipse-embedcpp/xpack-arm-none-eabi-gcc-10.2.1-1.1/bin/../lib/gcc/arm-none-eabi/10.2.1/../../../../arm-none-eabi/lib/thumb/v7e-m+dp/hard\libg.a(lib_a-abort.o)
                              c:/workspace/tools/eclipse-embedcpp/xpack-arm-none-eabi-gcc-10.2.1-1.1/bin/../lib/gcc/arm-none-eabi/10.2.1/thumb/v7e-m+dp/hard\libgcc.a(unwind-arm.o) (abort)
c:/workspace/tools/eclipse-embedcpp/xpack-arm-none-eabi-gcc-10.2.1-1.1/bin/../lib/gcc/arm-none-eabi/10.2.1/../../../../arm-none-eabi/lib/thumb/v7e-m+dp/hard\libg.a(lib_a-exit.o)
                              c:/workspace/tools/eclipse-embedcpp/xpack-arm-none-eabi-gcc-10.2.1-1.1/bin/../lib/gcc/arm-none-eabi/10.2.1/../../../../arm-none-eabi/lib/thumb/v7e-m+dp/hard/crt0.o (exit)
c:/workspace/tools/eclipse-embedcpp/xpack-arm-none-eabi-gcc-10.2.1-1.1/bin/../lib/gcc/arm-none-eabi/10.2.1/../../../../arm-none-eabi/lib/thumb/v7e-m+dp/hard\libg.a(lib_a-impure.o)
                              c:/workspace/tools/eclipse-embedcpp/xpack-arm-none-eabi-gcc-10.2.1-1.1/bin/../lib/gcc/arm-none-eabi/10.2.1/../../../../arm-none-eabi/lib/thumb/v7e-m+dp/hard\libg.a(lib_a-exit.o) (_global_impure_ptr)
c:/workspace/tools/eclipse-embedcpp/xpack-arm-none-eabi-gcc-10.2.1-1.1/bin/../lib/gcc/arm-none-eabi/10.2.1/../../../../arm-none-eabi/lib/thumb/v7e-m+dp/hard\libg.a(lib_a-init.o)
                              c:/workspace/tools/eclipse-embedcpp/xpack-arm-none-eabi-gcc-10.2.1-1.1/bin/../lib/gcc/arm-none-eabi/10.2.1/../../../../arm-none-eabi/lib/thumb/v7e-m+dp/hard/crt0.o (__libc_init_array)
c:/workspace/tools/eclipse-embedcpp/xpack-arm-none-eabi-gcc-10.2.1-1.1/bin/../lib/gcc/arm-none-eabi/10.2.1/../../../../arm-none-eabi/lib/thumb/v7e-m+dp/hard\libg.a(lib_a-memcpy.o)
                              ./hpl/usbhs/hpl_usbhs.o (memcpy)
c:/workspace/tools/eclipse-embedcpp/xpack-arm-none-eabi-gcc-10.2.1-1.1/bin/../lib/gcc/arm-none-eabi/10.2.1/../../../../arm-none-eabi/lib/thumb/v7e-m+dp/hard\libg.a(lib_a-memset.o)
                              c:/workspace/tools/eclipse-embedcpp/xpack-arm-none-eabi-gcc-10.2.1-1.1/bin/../lib/gcc/arm-none-eabi/10.2.1/../../../../arm-none-eabi/lib/thumb/v7e-m+dp/hard/crt0.o (memset)
c:/workspace/tools/eclipse-embedcpp/xpack-arm-none-eabi-gcc-10.2.1-1.1/bin/../lib/gcc/arm-none-eabi/10.2.1/../../../../arm-none-eabi/lib/thumb/v7e-m+dp/hard\libg.a(lib_a-printf.o)
                              ./hal/utils/src/utils_syscalls.o (printf)
c:/workspace/tools/eclipse-embedcpp/xpack-arm-none-eabi-gcc-10.2.1-1.1/bin/../lib/gcc/arm-none-eabi/10.2.1/../../../../arm-none-eabi/lib/thumb/v7e-m+dp/hard\libg.a(lib_a-puts.o)
                              ./common/stdio_start.o (puts)
c:/workspace/tools/eclipse-embedcpp/xpack-arm-none-eabi-gcc-10.2.1-1.1/bin/../lib/gcc/arm-none-eabi/10.2.1/../../../../arm-none-eabi/lib/thumb/v7e-m+dp/hard\libg.a(lib_a-setbuf.o)
                              ./stdio_redirect/stdio_io.o (setbuf)
c:/workspace/tools/eclipse-embedcpp/xpack-arm-none-eabi-gcc-10.2.1-1.1/bin/../lib/gcc/arm-none-eabi/10.2.1/../../../../arm-none-eabi/lib/thumb/v7e-m+dp/hard\libg.a(lib_a-setvbuf.o)
                              c:/workspace/tools/eclipse-embedcpp/xpack-arm-none-eabi-gcc-10.2.1-1.1/bin/../lib/gcc/arm-none-eabi/10.2.1/../../../../arm-none-eabi/lib/thumb/v7e-m+dp/hard\libg.a(lib_a-setbuf.o) (setvbuf)
c:/workspace/tools/eclipse-embedcpp/xpack-arm-none-eabi-gcc-10.2.1-1.1/bin/../lib/gcc/arm-none-eabi/10.2.1/../../../../arm-none-eabi/lib/thumb/v7e-m+dp/hard\libg.a(lib_a-signal.o)
                              c:/workspace/tools/eclipse-embedcpp/xpack-arm-none-eabi-gcc-10.2.1-1.1/bin/../lib/gcc/arm-none-eabi/10.2.1/../../../../arm-none-eabi/lib/thumb/v7e-m+dp/hard\libg.a(lib_a-abort.o) (raise)
c:/workspace/tools/eclipse-embedcpp/xpack-arm-none-eabi-gcc-10.2.1-1.1/bin/../lib/gcc/arm-none-eabi/10.2.1/../../../../arm-none-eabi/lib/thumb/v7e-m+dp/hard\libg.a(lib_a-signalr.o)
[...]
Memory Configuration

Name             Origin             Length             Attributes
rom              0x0000000000400000 0x0000000000200000 xr
ram              0x0000000020400000 0x0000000000060000 xrw
*default*        0x0000000000000000 0xffffffffffffffff

Linker script and memory map

LOAD c:/workspace/tools/eclipse-embedcpp/xpack-arm-none-eabi-gcc-10.2.1-1.1/bin/../lib/gcc/arm-none-eabi/10.2.1/thumb/v7e-m+dp/hard/crti.o
LOAD c:/workspace/tools/eclipse-embedcpp/xpack-arm-none-eabi-gcc-10.2.1-1.1/bin/../lib/gcc/arm-none-eabi/10.2.1/thumb/v7e-m+dp/hard/crtbegin.o
LOAD c:/workspace/tools/eclipse-embedcpp/xpack-arm-none-eabi-gcc-10.2.1-1.1/bin/../lib/gcc/arm-none-eabi/10.2.1/../../../../arm-none-eabi/lib/thumb/v7e-m+dp/hard/crt0.o
LOAD C:\workspace\application\samv71\Afan SAME70 RTOS\Afan SAME70 BSP\CMSIS\Core\Lib\GCC/libarm_cortexM7lfdp_math.a
LOAD ./usb/device/usbdc.o
LOAD ./usb/class/msc/device/mscdf.o
LOAD ./usb/class/hid/device/hiddf_generic.o
LOAD ./usb/class/hid/device/hiddf_keyboard.o
LOAD ./usb/class/hid/device/hiddf_mouse.o
LOAD ./usb/class/cdc/device/cdcdf_acm.o
LOAD ./usb/usb_protocol.o
LOAD ./threadx/ports/cortex_m7/gnu/src/tx_thread_context_restore.o
LOAD ./threadx/ports/cortex_m7/gnu/src/tx_thread_context_save.o
LOAD ./threadx/ports/cortex_m7/gnu/src/tx_thread_interrupt_control.o
LOAD ./threadx/ports/cortex_m7/gnu/src/tx_thread_schedule.o
LOAD ./threadx/ports/cortex_m7/gnu/src/tx_thread_stack_build.o
LOAD ./threadx/ports/cortex_m7/gnu/src/tx_thread_system_return.o
LOAD ./threadx/ports/cortex_m7/gnu/src/tx_timer_interrupt.o
LOAD ./threadx/common/src/tx_block_allocate.o
LOAD ./threadx/common/src/tx_block_pool_cleanup.o
LOAD ./threadx/common/src/tx_block_pool_create.o
LOAD ./threadx/common/src/tx_block_pool_delete.o
LOAD ./threadx/common/src/tx_block_pool_info_get.o
LOAD ./threadx/common/src/tx_block_pool_initialize.o
LOAD ./threadx/common/src/tx_block_pool_performance_info_get.o
LOAD ./threadx/common/src/tx_block_pool_performance_system_info_get.o
LOAD ./threadx/common/src/tx_block_pool_prioritize.o
LOAD ./threadx/common/src/tx_block_release.o
LOAD ./threadx/common/src/tx_byte_allocate.o
LOAD ./threadx/common/src/tx_byte_pool_cleanup.o
LOAD ./threadx/common/src/tx_byte_pool_create.o
LOAD ./threadx/common/src/tx_byte_pool_delete.o
LOAD ./threadx/common/src/tx_byte_pool_info_get.o
LOAD ./threadx/common/src/tx_byte_pool_initialize.o
LOAD ./threadx/common/src/tx_byte_pool_performance_info_get.o
LOAD ./threadx/common/src/tx_byte_pool_performance_system_info_get.o
LOAD ./threadx/common/src/tx_byte_pool_prioritize.o
LOAD ./threadx/common/src/tx_byte_pool_search.o
LOAD ./threadx/common/src/tx_byte_release.o
LOAD ./threadx/common/src/tx_event_flags_cleanup.o
LOAD ./threadx/common/src/tx_event_flags_create.o
LOAD ./threadx/common/src/tx_event_flags_delete.o
LOAD ./threadx/common/src/tx_event_flags_get.o
LOAD ./threadx/common/src/tx_event_flags_info_get.o
LOAD ./threadx/common/src/tx_event_flags_initialize.o
LOAD ./threadx/common/src/tx_event_flags_performance_info_get.o
LOAD ./threadx/common/src/tx_event_flags_performance_system_info_get.o
LOAD ./threadx/common/src/tx_event_flags_set.o
LOAD ./threadx/common/src/tx_event_flags_set_notify.o
LOAD ./threadx/common/src/tx_initialize_high_level.o
LOAD ./threadx/common/src/tx_initialize_kernel_enter.o
LOAD ./threadx/common/src/tx_initialize_kernel_setup.o
LOAD ./threadx/common/src/tx_misra.o
LOAD ./threadx/common/src/tx_mutex_cleanup.o
LOAD ./threadx/common/src/tx_mutex_create.o
LOAD ./threadx/common/src/tx_mutex_delete.o
LOAD ./threadx/common/src/tx_mutex_get.o
LOAD ./threadx/common/src/tx_mutex_info_get.o
LOAD ./threadx/common/src/tx_mutex_initialize.o
LOAD ./threadx/common/src/tx_mutex_performance_info_get.o
LOAD ./threadx/common/src/tx_mutex_performance_system_info_get.o
LOAD ./threadx/common/src/tx_mutex_prioritize.o
LOAD ./threadx/common/src/tx_mutex_priority_change.o
LOAD ./threadx/common/src/tx_mutex_put.o
LOAD ./threadx/common/src/tx_queue_cleanup.o
LOAD ./threadx/common/src/tx_queue_create.o
LOAD ./threadx/common/src/tx_queue_delete.o
LOAD ./threadx/common/src/tx_queue_flush.o
LOAD ./threadx/common/src/tx_queue_front_send.o
LOAD ./threadx/common/src/tx_queue_info_get.o
LOAD ./threadx/common/src/tx_queue_initialize.o
LOAD ./threadx/common/src/tx_queue_performance_info_get.o
LOAD ./threadx/common/src/tx_queue_performance_system_info_get.o
LOAD ./threadx/common/src/tx_queue_prioritize.o
LOAD ./threadx/common/src/tx_queue_receive.o
LOAD ./threadx/common/src/tx_queue_send.o
LOAD ./threadx/common/src/tx_queue_send_notify.o
LOAD ./threadx/common/src/tx_semaphore_ceiling_put.o
LOAD ./threadx/common/src/tx_semaphore_cleanup.o
LOAD ./threadx/common/src/tx_semaphore_create.o
LOAD ./threadx/common/src/tx_semaphore_delete.o
LOAD ./threadx/common/src/tx_semaphore_get.o
LOAD ./threadx/common/src/tx_semaphore_info_get.o
LOAD ./threadx/common/src/tx_semaphore_initialize.o
LOAD ./threadx/common/src/tx_semaphore_performance_info_get.o
LOAD ./threadx/common/src/tx_semaphore_performance_system_info_get.o
LOAD ./threadx/common/src/tx_semaphore_prioritize.o
LOAD ./threadx/common/src/tx_semaphore_put.o
LOAD ./threadx/common/src/tx_semaphore_put_notify.o
LOAD ./threadx/common/src/tx_thread_create.o
LOAD ./threadx/common/src/tx_thread_delete.o
LOAD ./threadx/common/src/tx_thread_entry_exit_notify.o
LOAD ./threadx/common/src/tx_thread_identify.o
LOAD ./threadx/common/src/tx_thread_info_get.o
LOAD ./threadx/common/src/tx_thread_initialize.o
LOAD ./threadx/common/src/tx_thread_performance_info_get.o
LOAD ./threadx/common/src/tx_thread_performance_system_info_get.o
LOAD ./threadx/common/src/tx_thread_preemption_change.o
LOAD ./threadx/common/src/tx_thread_priority_change.o
LOAD ./threadx/common/src/tx_thread_relinquish.o
LOAD ./threadx/common/src/tx_thread_reset.o
LOAD ./threadx/common/src/tx_thread_resume.o
LOAD ./threadx/common/src/tx_thread_shell_entry.o
LOAD ./threadx/common/src/tx_thread_sleep.o
LOAD ./threadx/common/src/tx_thread_stack_analyze.o
LOAD ./threadx/common/src/tx_thread_stack_error_handler.o
LOAD ./threadx/common/src/tx_thread_stack_error_notify.o
LOAD ./threadx/common/src/tx_thread_suspend.o
LOAD ./threadx/common/src/tx_thread_system_preempt_check.o
LOAD ./threadx/common/src/tx_thread_system_resume.o
LOAD ./threadx/common/src/tx_thread_system_suspend.o
LOAD ./threadx/common/src/tx_thread_terminate.o
LOAD ./threadx/common/src/tx_thread_time_slice.o
LOAD ./threadx/common/src/tx_thread_time_slice_change.o
LOAD ./threadx/common/src/tx_thread_timeout.o
LOAD ./threadx/common/src/tx_thread_wait_abort.o
LOAD ./threadx/common/src/tx_time_get.o
LOAD ./threadx/common/src/tx_time_set.o
LOAD ./threadx/common/src/tx_timer_activate.o
LOAD ./threadx/common/src/tx_timer_change.o
LOAD ./threadx/common/src/tx_timer_create.o
LOAD ./threadx/common/src/tx_timer_deactivate.o
LOAD ./threadx/common/src/tx_timer_delete.o
LOAD ./threadx/common/src/tx_timer_expiration_process.o
LOAD ./threadx/common/src/tx_timer_info_get.o
LOAD ./threadx/common/src/tx_timer_initialize.o
LOAD ./threadx/common/src/tx_timer_performance_info_get.o
LOAD ./threadx/common/src/tx_timer_performance_system_info_get.o
LOAD ./threadx/common/src/tx_timer_system_activate.o
LOAD ./threadx/common/src/tx_timer_system_deactivate.o
LOAD ./threadx/common/src/tx_timer_thread_entry.o
LOAD ./threadx/common/src/tx_trace_buffer_full_notify.o
LOAD ./threadx/common/src/tx_trace_disable.o
LOAD ./threadx/common/src/tx_trace_enable.o
LOAD ./threadx/common/src/tx_trace_event_filter.o
LOAD ./threadx/common/src/tx_trace_event_unfilter.o
LOAD ./threadx/common/src/tx_trace_initialize.o
LOAD ./threadx/common/src/tx_trace_interrupt_control.o
LOAD ./threadx/common/src/tx_trace_isr_enter_insert.o
LOAD ./threadx/common/src/tx_trace_isr_exit_insert.o
LOAD ./threadx/common/src/tx_trace_object_register.o
LOAD ./threadx/common/src/tx_trace_object_unregister.o
LOAD ./threadx/common/src/tx_trace_user_event_insert.o
LOAD ./threadx/common/src/txe_block_allocate.o
LOAD ./threadx/common/src/txe_block_pool_create.o
LOAD ./threadx/common/src/txe_block_pool_delete.o
LOAD ./threadx/common/src/txe_block_pool_info_get.o
LOAD ./threadx/common/src/txe_block_pool_prioritize.o
LOAD ./threadx/common/src/txe_block_release.o
LOAD ./threadx/common/src/txe_byte_allocate.o
LOAD ./threadx/common/src/txe_byte_pool_create.o
LOAD ./threadx/common/src/txe_byte_pool_delete.o
LOAD ./threadx/common/src/txe_byte_pool_info_get.o
LOAD ./threadx/common/src/txe_byte_pool_prioritize.o
LOAD ./threadx/common/src/txe_byte_release.o
LOAD ./threadx/common/src/txe_event_flags_create.o
LOAD ./threadx/common/src/txe_event_flags_delete.o
LOAD ./threadx/common/src/txe_event_flags_get.o
LOAD ./threadx/common/src/txe_event_flags_info_get.o
LOAD ./threadx/common/src/txe_event_flags_set.o
LOAD ./threadx/common/src/txe_event_flags_set_notify.o
LOAD ./threadx/common/src/txe_mutex_create.o
LOAD ./threadx/common/src/txe_mutex_delete.o
LOAD ./threadx/common/src/txe_mutex_get.o
LOAD ./threadx/common/src/txe_mutex_info_get.o
LOAD ./threadx/common/src/txe_mutex_prioritize.o
LOAD ./threadx/common/src/txe_mutex_put.o
LOAD ./threadx/common/src/txe_queue_create.o
LOAD ./threadx/common/src/txe_queue_delete.o
LOAD ./threadx/common/src/txe_queue_flush.o
LOAD ./threadx/common/src/txe_queue_front_send.o
LOAD ./threadx/common/src/txe_queue_info_get.o
LOAD ./threadx/common/src/txe_queue_prioritize.o
LOAD ./threadx/common/src/txe_queue_receive.o
LOAD ./threadx/common/src/txe_queue_send.o
LOAD ./threadx/common/src/txe_queue_send_notify.o
LOAD ./threadx/common/src/txe_semaphore_ceiling_put.o
LOAD ./threadx/common/src/txe_semaphore_create.o
LOAD ./threadx/common/src/txe_semaphore_delete.o
LOAD ./threadx/common/src/txe_semaphore_get.o
LOAD ./threadx/common/src/txe_semaphore_info_get.o
LOAD ./threadx/common/src/txe_semaphore_prioritize.o
LOAD ./threadx/common/src/txe_semaphore_put.o
LOAD ./threadx/common/src/txe_semaphore_put_notify.o
LOAD ./threadx/common/src/txe_thread_create.o
LOAD ./threadx/common/src/txe_thread_delete.o
LOAD ./threadx/common/src/txe_thread_entry_exit_notify.o
LOAD ./threadx/common/src/txe_thread_info_get.o
LOAD ./threadx/common/src/txe_thread_preemption_change.o
LOAD ./threadx/common/src/txe_thread_priority_change.o
LOAD ./threadx/common/src/txe_thread_relinquish.o
LOAD ./threadx/common/src/txe_thread_reset.o
LOAD ./threadx/common/src/txe_thread_resume.o
LOAD ./threadx/common/src/txe_thread_suspend.o
LOAD ./threadx/common/src/txe_thread_terminate.o
LOAD ./threadx/common/src/txe_thread_time_slice_change.o
LOAD ./threadx/common/src/txe_thread_wait_abort.o
LOAD ./threadx/common/src/txe_timer_activate.o
LOAD ./threadx/common/src/txe_timer_change.o
LOAD ./threadx/common/src/txe_timer_create.o
LOAD ./threadx/common/src/txe_timer_deactivate.o
LOAD ./threadx/common/src/txe_timer_delete.o
LOAD ./threadx/common/src/txe_timer_info_get.o
LOAD ./stdio_redirect/gcc/read.o
LOAD ./stdio_redirect/gcc/write.o
LOAD ./stdio_redirect/stdio_io.o
LOAD ./port/rtos.o
LOAD ./hpl/xdmac/hpl_xdmac.o
LOAD ./hpl/wdt/hpl_wdt.o
LOAD ./hpl/usbhs/hpl_usbhs.o
LOAD ./hpl/usart/hpl_usart.o
LOAD ./hpl/twihs/hpl_twihs.o
LOAD ./hpl/tc/hpl_tc.o
LOAD ./hpl/spi/hpl_spi.o
LOAD ./hpl/rtc/hpl_rtc.o
LOAD ./hpl/pwm/hpl_pwm.o
LOAD ./hpl/pmc/hpl_pmc.o
LOAD ./hpl/pmc/hpl_sleep.o
LOAD ./hpl/pio/hpl_pio_ext.o
LOAD ./hpl/mcan/hpl_mcan.o
LOAD ./hpl/gmac/hpl_gmac.o
LOAD ./hpl/efc/hpl_efc.o
LOAD ./hpl/core/hpl_core_m7_base.o
LOAD ./hpl/core/hpl_init.o
LOAD ./hpl/afec/hpl_afec.o
LOAD ./hal/utils/src/utils_assert.o
LOAD ./hal/utils/src/utils_event.o
LOAD ./hal/utils/src/utils_list.o
LOAD ./hal/utils/src/utils_ringbuffer.o
LOAD ./hal/utils/src/utils_syscalls.o
LOAD ./hal/src/hal_adc_sync.o
LOAD ./hal/src/hal_atomic.o
LOAD ./hal/src/hal_calendar.o
LOAD ./hal/src/hal_can_async.o
LOAD ./hal/src/hal_delay.o
LOAD ./hal/src/hal_ext_irq.o
LOAD ./hal/src/hal_flash.o
LOAD ./hal/src/hal_gpio.o
LOAD ./hal/src/hal_i2c_m_sync.o
LOAD ./hal/src/hal_init.o
LOAD ./hal/src/hal_io.o
LOAD ./hal/src/hal_mac_async.o
LOAD ./hal/src/hal_pwm.o
LOAD ./hal/src/hal_sleep.o
LOAD ./hal/src/hal_spi_m_sync.o
LOAD ./hal/src/hal_usart_sync.o
LOAD ./hal/src/hal_usb_device.o
LOAD ./hal/src/hal_wdt.o
LOAD ./ethernet_phy/ethernet_phy.o
LOAD ./common_hardware_code/tx_initialize_low_level.o
LOAD ./common/atmel_start.o
LOAD ./common/driver_init.o
LOAD ./common/stdio_start.o
LOAD ./Device_Startup/startup_same70q21b.o
LOAD ./Device_Startup/system_same70q21b.o
LOAD ./main.o
LOAD ./rtos_start.o
LOAD c:/workspace/tools/eclipse-embedcpp/xpack-arm-none-eabi-gcc-10.2.1-1.1/bin/../lib/gcc/arm-none-eabi/10.2.1/../../../../arm-none-eabi/lib/thumb/v7e-m+dp/hard\libstdc++.a
LOAD c:/workspace/tools/eclipse-embedcpp/xpack-arm-none-eabi-gcc-10.2.1-1.1/bin/../lib/gcc/arm-none-eabi/10.2.1/../../../../arm-none-eabi/lib/thumb/v7e-m+dp/hard\libm.a
START GROUP
LOAD c:/workspace/tools/eclipse-embedcpp/xpack-arm-none-eabi-gcc-10.2.1-1.1/bin/../lib/gcc/arm-none-eabi/10.2.1/thumb/v7e-m+dp/hard\libgcc.a
LOAD c:/workspace/tools/eclipse-embedcpp/xpack-arm-none-eabi-gcc-10.2.1-1.1/bin/../lib/gcc/arm-none-eabi/10.2.1/../../../../arm-none-eabi/lib/thumb/v7e-m+dp/hard\libg.a
LOAD c:/workspace/tools/eclipse-embedcpp/xpack-arm-none-eabi-gcc-10.2.1-1.1/bin/../lib/gcc/arm-none-eabi/10.2.1/../../../../arm-none-eabi/lib/thumb/v7e-m+dp/hard\libc.a
END GROUP
LOAD c:/workspace/tools/eclipse-embedcpp/xpack-arm-none-eabi-gcc-10.2.1-1.1/bin/../lib/gcc/arm-none-eabi/10.2.1/thumb/v7e-m+dp/hard/crtend.o
LOAD c:/workspace/tools/eclipse-embedcpp/xpack-arm-none-eabi-gcc-10.2.1-1.1/bin/../lib/gcc/arm-none-eabi/10.2.1/thumb/v7e-m+dp/hard/crtn.o
                0x0000000000001000                STACK_SIZE = DEFINED (STACK_SIZE)?STACK_SIZE:DEFINED (__stack_size__)?__stack_size__:0x1000
                0x0000000000001000                HEAP_SIZE = DEFINED (HEAP_SIZE)?HEAP_SIZE:DEFINED (__heap_size__)?__heap_size__:0x1000

.text           0x0000000000400000     0xa880
                0x0000000000400000                . = ALIGN (0x4)
                0x0000000000400000                _sfixed = .
 *(.vectors .vectors.*)
 .vectors       0x0000000000400000      0x168 ./Device_Startup/startup_same70q21b.o
                0x0000000000400000                exception_table
 *(.text .text.* .gnu.linkonce.t.*)
 .text.__do_global_dtors_aux
                0x0000000000400168       0x24 c:/workspace/tools/eclipse-embedcpp/xpack-arm-none-eabi-gcc-10.2.1-1.1/bin/../lib/gcc/arm-none-eabi/10.2.1/thumb/v7e-m+dp/hard/crtbegin.o
 .text.frame_dummy
                0x000000000040018c       0x1c c:/workspace/tools/eclipse-embedcpp/xpack-arm-none-eabi-gcc-10.2.1-1.1/bin/../lib/gcc/arm-none-eabi/10.2.1/thumb/v7e-m+dp/hard/crtbegin.o
 *fill*         0x00000000004001a8        0x8 
 .text          0x00000000004001b0       0xa0 ./threadx/ports/cortex_m7/gnu/src/tx_thread_schedule.o
                0x00000000004001b0                _tx_thread_schedule
                0x00000000004001d0                __tx_PendSVHandler
                0x00000000004001d0                PendSV_Handler
 .text          0x0000000000400250       0x40 ./threadx/ports/cortex_m7/gnu/src/tx_thread_stack_build.o
                0x0000000000400250                _tx_thread_stack_build
 .text          0x0000000000400290       0xc8 ./threadx/ports/cortex_m7/gnu/src/tx_timer_interrupt.o
                0x0000000000400290                _tx_timer_interrupt
 .text._tx_byte_allocate
                0x0000000000400358       0xc4 ./threadx/common/src/tx_byte_allocate.o
                0x0000000000400358                _tx_byte_allocate
 .text._tx_byte_pool_cleanup
                0x000000000040041c       0x84 ./threadx/common/src/tx_byte_pool_cleanup.o
                0x000000000040041c                _tx_byte_pool_cleanup
 .text._tx_byte_pool_create
                0x00000000004004a0       0x84 ./threadx/common/src/tx_byte_pool_create.o
                0x00000000004004a0                _tx_byte_pool_create
 .text._tx_byte_pool_search
                0x0000000000400524       0xe0 ./threadx/common/src/tx_byte_pool_search.o
                0x0000000000400524                _tx_byte_pool_search
 .text._tx_initialize_high_level
                0x0000000000400604       0x70 ./threadx/common/src/tx_initialize_high_level.o
                0x0000000000400604                _tx_initialize_high_level
 .text._tx_initialize_kernel_enter
                0x0000000000400674       0x4c ./threadx/common/src/tx_initialize_kernel_enter.o
                0x0000000000400674                _tx_initialize_kernel_enter
 .text._tx_thread_create
                0x00000000004006c0      0x130 ./threadx/common/src/tx_thread_create.o
                0x00000000004006c0                _tx_thread_create
 .text._tx_thread_initialize
                0x00000000004007f0       0x74 ./threadx/common/src/tx_thread_initialize.o
                0x00000000004007f0                _tx_thread_initialize
 .text._tx_thread_shell_entry
                0x0000000000400864       0x68 ./threadx/common/src/tx_thread_shell_entry.o
                0x0000000000400864                _tx_thread_shell_entry
 .text._tx_thread_sleep
                0x00000000004008cc       0x88 ./threadx/common/src/tx_thread_sleep.o
                0x00000000004008cc                _tx_thread_sleep
 .text._tx_thread_system_preempt_check
                0x0000000000400954       0x3c ./threadx/common/src/tx_thread_system_preempt_check.o
                0x0000000000400954                _tx_thread_system_preempt_check
 .text._tx_thread_system_resume
                0x0000000000400990      0x170 ./threadx/common/src/tx_thread_system_resume.o
                0x0000000000400990                _tx_thread_system_resume
 .text._tx_thread_system_suspend
                0x0000000000400b00      0x25c ./threadx/common/src/tx_thread_system_suspend.o
                0x0000000000400b00                _tx_thread_system_suspend
 .text._tx_thread_time_slice
                0x0000000000400d5c       0x60 ./threadx/common/src/tx_thread_time_slice.o
                0x0000000000400d5c                _tx_thread_time_slice
 .text._tx_thread_timeout
                0x0000000000400dbc       0x34 ./threadx/common/src/tx_thread_timeout.o
                0x0000000000400dbc                _tx_thread_timeout
 .text._tx_timer_expiration_process
                0x0000000000400df0       0x24 ./threadx/common/src/tx_timer_expiration_process.o
                0x0000000000400df0                _tx_timer_expiration_process
 .text._tx_timer_initialize
                0x0000000000400e14       0xd0 ./threadx/common/src/tx_timer_initialize.o
                0x0000000000400e14                _tx_timer_initialize
 .text._tx_timer_system_activate
                0x0000000000400ee4       0x58 ./threadx/common/src/tx_timer_system_activate.o
                0x0000000000400ee4                _tx_timer_system_activate
 .text._tx_timer_system_deactivate
                0x0000000000400f3c       0x2e ./threadx/common/src/tx_timer_system_deactivate.o
                0x0000000000400f3c                _tx_timer_system_deactivate
 *fill*         0x0000000000400f6a        0x2 
 .text._tx_timer_thread_entry
                0x0000000000400f6c      0x12c ./threadx/common/src/tx_timer_thread_entry.o
                0x0000000000400f6c                _tx_timer_thread_entry
 .text._txe_byte_allocate
                0x0000000000401098       0x88 ./threadx/common/src/txe_byte_allocate.o
                0x0000000000401098                _txe_byte_allocate
 .text._txe_byte_pool_create
                0x0000000000401120       0xd0 ./threadx/common/src/txe_byte_pool_create.o
                0x0000000000401120                _txe_byte_pool_create
 .text._txe_thread_create
                0x00000000004011f0      0x158 ./threadx/common/src/txe_thread_create.o
                0x00000000004011f0                _txe_thread_create
 .text._read    0x0000000000401348       0x18 ./stdio_redirect/gcc/read.o
                0x0000000000401348                _read
 .text._write   0x0000000000401360       0x1c ./stdio_redirect/gcc/write.o
                0x0000000000401360                _write
 .text.stdio_io_init
                0x000000000040137c       0x28 ./stdio_redirect/stdio_io.o
                0x000000000040137c                stdio_io_init
 .text.stdio_io_read
                0x00000000004013a4       0x1c ./stdio_redirect/stdio_io.o
                0x00000000004013a4                stdio_io_read
 .text.stdio_io_write
                0x00000000004013c0       0x1c ./stdio_redirect/stdio_io.o
                0x00000000004013c0                stdio_io_write
 .text._dma_init
                0x00000000004013dc       0x68 ./hpl/xdmac/hpl_xdmac.o
                0x00000000004013dc                _dma_init
 .text.XDMAC_Handler
                0x0000000000401444       0x6c ./hpl/xdmac/hpl_xdmac.o
                0x0000000000401444                XDMAC_Handler
 .text._usb_d_dev_handle_setup
                0x00000000004014b0       0x70 ./hpl/usbhs/hpl_usbhs.o
 .text._usb_d_dev_trans_done
                0x0000000000401520       0x2c ./hpl/usbhs/hpl_usbhs.o
 .text._usb_d_dev_reset_epts
                0x000000000040154c       0x4c ./hpl/usbhs/hpl_usbhs.o
 .text._usb_d_dev_dma_next
                0x0000000000401598       0xe0 ./hpl/usbhs/hpl_usbhs.o
 .text._usb_d_dev_trans_stop
                0x0000000000401678       0x3c ./hpl/usbhs/hpl_usbhs.o
 .text.USBHS_Handler
                0x00000000004016b4      0x3f4 ./hpl/usbhs/hpl_usbhs.o
                0x00000000004016b4                USBHS_Handler
 .text._get_usart_index
                0x0000000000401aa8        0x4 ./hpl/usart/hpl_usart.o
 .text._usart_sync_init
                0x0000000000401aac       0x4c ./hpl/usart/hpl_usart.o
                0x0000000000401aac                _usart_sync_init
 .text._usart_sync_enable
                0x0000000000401af8        0x8 ./hpl/usart/hpl_usart.o
                0x0000000000401af8                _usart_sync_enable
 .text._usart_sync_write_byte
                0x0000000000401b00        0x6 ./hpl/usart/hpl_usart.o
                0x0000000000401b00                _usart_sync_write_byte
 .text._usart_sync_read_byte
                0x0000000000401b06        0x8 ./hpl/usart/hpl_usart.o
                0x0000000000401b06                _usart_sync_read_byte
 .text._usart_sync_is_ready_to_send
                0x0000000000401b0e        0xa ./hpl/usart/hpl_usart.o
                0x0000000000401b0e                _usart_sync_is_ready_to_send
 .text._usart_sync_is_transmit_done
                0x0000000000401b18        0xa ./hpl/usart/hpl_usart.o
                0x0000000000401b18                _usart_sync_is_transmit_done
 .text._usart_sync_is_byte_received
                0x0000000000401b22        0xa ./hpl/usart/hpl_usart.o
                0x0000000000401b22                _usart_sync_is_byte_received
 .text._usart_get_usart_sync
                0x0000000000401b2c        0x4 ./hpl/usart/hpl_usart.o
                0x0000000000401b2c                _usart_get_usart_sync
 .text._i2c_m_sync_init
                0x0000000000401b30       0x30 ./hpl/twihs/hpl_twihs.o
                0x0000000000401b30                _i2c_m_sync_init
 .text._i2c_m_sync_transfer
                0x0000000000401b60      0x168 ./hpl/twihs/hpl_twihs.o
                0x0000000000401b60                _i2c_m_sync_transfer
 .text.tc_pwm_interrupt_handler
                0x0000000000401cc8       0x12 ./hpl/tc/hpl_tc.o
 *fill*         0x0000000000401cda        0x2 
 .text.TC0_Handler
                0x0000000000401cdc       0x10 ./hpl/tc/hpl_tc.o
                0x0000000000401cdc                TC0_Handler
 .text.TC3_Handler
                0x0000000000401cec       0x10 ./hpl/tc/hpl_tc.o
                0x0000000000401cec                TC3_Handler
 .text.TC6_Handler
                0x0000000000401cfc       0x10 ./hpl/tc/hpl_tc.o
                0x0000000000401cfc                TC6_Handler
 .text.TC9_Handler
                0x0000000000401d0c       0x10 ./hpl/tc/hpl_tc.o
                0x0000000000401d0c                TC9_Handler
 .text._spi_m_sync_init
                0x0000000000401d1c       0x4c ./hpl/spi/hpl_spi.o
                0x0000000000401d1c                _spi_m_sync_init
 .text._spi_m_sync_trans
                0x0000000000401d68       0x92 ./hpl/spi/hpl_spi.o
                0x0000000000401d68                _spi_m_sync_trans
 .text._spi_get_spi_m_sync
                0x0000000000401dfa        0x4 ./hpl/spi/hpl_spi.o
                0x0000000000401dfa                _spi_get_spi_m_sync
 *fill*         0x0000000000401dfe        0x2 
 .text.RTC_Handler
                0x0000000000401e00       0x30 ./hpl/rtc/hpl_rtc.o
                0x0000000000401e00                RTC_Handler
 .text._pwm_interrupt_handler
                0x0000000000401e30       0x10 ./hpl/pwm/hpl_pwm.o
 .text.PWM0_Handler
                0x0000000000401e40       0x10 ./hpl/pwm/hpl_pwm.o
                0x0000000000401e40                PWM0_Handler
 .text.PWM1_Handler
                0x0000000000401e50       0x10 ./hpl/pwm/hpl_pwm.o
                0x0000000000401e50                PWM1_Handler
 .text._pmc_init
                0x0000000000401e60       0xf4 ./hpl/pmc/hpl_pmc.o
                0x0000000000401e60                _pmc_init
 .text._ffs     0x0000000000401f54       0x44 ./hpl/pio/hpl_pio_ext.o
 .text.PIOC_Handler
                0x0000000000401f98       0x7c ./hpl/pio/hpl_pio_ext.o
                0x0000000000401f98                PIOC_Handler
 .text._can_irq_handler
                0x0000000000402014       0x68 ./hpl/mcan/hpl_mcan.o
 .text._can_async_init
                0x000000000040207c      0x1dc ./hpl/mcan/hpl_mcan.o
                0x000000000040207c                _can_async_init
 .text.MCAN0_INT0_Handler
                0x0000000000402258       0x10 ./hpl/mcan/hpl_mcan.o
                0x0000000000402258                MCAN0_INT0_Handler
 .text.MCAN1_INT0_Handler
                0x0000000000402268       0x10 ./hpl/mcan/hpl_mcan.o
                0x0000000000402268                MCAN1_INT0_Handler
 .text._mac_async_init
                0x0000000000402278      0x110 ./hpl/gmac/hpl_gmac.o
                0x0000000000402278                _mac_async_init
 .text.GMAC_Handler
                0x0000000000402388       0x64 ./hpl/gmac/hpl_gmac.o
                0x0000000000402388                GMAC_Handler
 .text.EFC_Handler
                0x00000000004023ec       0x1c ./hpl/efc/hpl_efc.o
                0x00000000004023ec                EFC_Handler
 .text._init_chip
                0x0000000000402408       0x64 ./hpl/core/hpl_init.o
                0x0000000000402408                _init_chip
 .text._sbrk    0x000000000040246c       0x24 ./hal/utils/src/utils_syscalls.o
                0x000000000040246c                _sbrk
 .text._close   0x0000000000402490        0x6 ./hal/utils/src/utils_syscalls.o
                0x0000000000402490                _close
 .text._fstat   0x0000000000402496        0xa ./hal/utils/src/utils_syscalls.o
                0x0000000000402496                _fstat
 .text._isatty  0x00000000004024a0        0x4 ./hal/utils/src/utils_syscalls.o
                0x00000000004024a0                _isatty
 .text._lseek   0x00000000004024a4        0x4 ./hal/utils/src/utils_syscalls.o
                0x00000000004024a4                _lseek
 .text._exit    0x00000000004024a8       0x10 ./hal/utils/src/utils_syscalls.o
                0x00000000004024a8                _exit
 .text._kill    0x00000000004024b8        0x2 ./hal/utils/src/utils_syscalls.o
                0x00000000004024b8                _kill
 .text._getpid  0x00000000004024ba        0x6 ./hal/utils/src/utils_syscalls.o
                0x00000000004024ba                _getpid
 .text.atomic_enter_critical
                0x00000000004024c0        0xe ./hal/src/hal_atomic.o
                0x00000000004024c0                atomic_enter_critical
 .text.atomic_leave_critical
                0x00000000004024ce        0xc ./hal/src/hal_atomic.o
                0x00000000004024ce                atomic_leave_critical
 .text.can_tx_done
                0x00000000004024da        0xa ./hal/src/hal_can_async.o
 .text.can_rx_done
                0x00000000004024e4        0xa ./hal/src/hal_can_async.o
 .text.can_irq_handler
                0x00000000004024ee        0xa ./hal/src/hal_can_async.o
 .text.can_async_init
                0x00000000004024f8       0x24 ./hal/src/hal_can_async.o
                0x00000000004024f8                can_async_init
 .text.i2c_m_sync_write
                0x000000000040251c       0x2a ./hal/src/hal_i2c_m_sync.o
 .text.i2c_m_sync_read
                0x0000000000402546       0x2a ./hal/src/hal_i2c_m_sync.o
 .text.i2c_m_sync_init
                0x0000000000402570       0x1c ./hal/src/hal_i2c_m_sync.o
                0x0000000000402570                i2c_m_sync_init
 .text.io_write
                0x000000000040258c        0x8 ./hal/src/hal_io.o
                0x000000000040258c                io_write
 .text.io_read  0x0000000000402594        0x8 ./hal/src/hal_io.o
                0x0000000000402594                io_read
 .text.mac_async_init
                0x000000000040259c        0x8 ./hal/src/hal_mac_async.o
                0x000000000040259c                mac_async_init
 .text.spi_m_sync_set_func_ptr
                0x00000000004025a4        0x4 ./hal/src/hal_spi_m_sync.o
                0x00000000004025a4                spi_m_sync_set_func_ptr
 .text.spi_m_sync_init
                0x00000000004025a8       0x2c ./hal/src/hal_spi_m_sync.o
                0x00000000004025a8                spi_m_sync_init
 .text.spi_m_sync_transfer
                0x00000000004025d4       0x1e ./hal/src/hal_spi_m_sync.o
                0x00000000004025d4                spi_m_sync_transfer
 .text._spi_m_sync_io_write
                0x00000000004025f2       0x1a ./hal/src/hal_spi_m_sync.o
 .text._spi_m_sync_io_read
                0x000000000040260c       0x1a ./hal/src/hal_spi_m_sync.o
 .text.usart_sync_write
                0x0000000000402626       0x48 ./hal/src/hal_usart_sync.o
 .text.usart_sync_read
                0x000000000040266e       0x32 ./hal/src/hal_usart_sync.o
 .text.usart_sync_init
                0x00000000004026a0       0x20 ./hal/src/hal_usart_sync.o
                0x00000000004026a0                usart_sync_init
 .text.usart_sync_enable
                0x00000000004026c0        0xc ./hal/src/hal_usart_sync.o
                0x00000000004026c0                usart_sync_enable
 *fill*         0x00000000004026cc        0x4 
 .text          0x00000000004026d0       0x94 ./common_hardware_code/tx_initialize_low_level.o
                0x00000000004026d0                _tx_initialize_low_level
                0x000000000040271e                __tx_BadHandler
                0x0000000000402722                __tx_HardfaultHandler
                0x0000000000402726                __tx_SVCallHandler
                0x000000000040272a                __tx_IntHandler
                0x0000000000402732                __tx_SysTickHandler
                0x0000000000402732                SysTick_Handler
                0x000000000040273e                __tx_NMIHandler
                0x0000000000402742                __tx_DBGHandler
 .text.atmel_start_init
                0x0000000000402764        0xc ./common/atmel_start.o
                0x0000000000402764                atmel_start_init
 .text.SPI_0_PORT_init
                0x0000000000402770       0x4c ./common/driver_init.o
                0x0000000000402770                SPI_0_PORT_init
 .text.SPI_0_CLOCK_init
                0x00000000004027bc       0x18 ./common/driver_init.o
                0x00000000004027bc                SPI_0_CLOCK_init
 .text.SPI_0_init
                0x00000000004027d4       0x2c ./common/driver_init.o
                0x00000000004027d4                SPI_0_init
 .text.I2C_AT24MAC_PORT_init
                0x0000000000402800       0x30 ./common/driver_init.o
                0x0000000000402800                I2C_AT24MAC_PORT_init
 .text.I2C_AT24MAC_CLOCK_init
                0x0000000000402830       0x18 ./common/driver_init.o
                0x0000000000402830                I2C_AT24MAC_CLOCK_init
 .text.I2C_AT24MAC_init
                0x0000000000402848       0x1c ./common/driver_init.o
                0x0000000000402848                I2C_AT24MAC_init
 .text.TARGET_IO_PORT_init
                0x0000000000402864       0x4c ./common/driver_init.o
                0x0000000000402864                TARGET_IO_PORT_init
 .text.TARGET_IO_CLOCK_init
                0x00000000004028b0       0x18 ./common/driver_init.o
                0x00000000004028b0                TARGET_IO_CLOCK_init
 .text.TARGET_IO_init
                0x00000000004028c8       0x24 ./common/driver_init.o
                0x00000000004028c8                TARGET_IO_init
 .text.MACIF_PORT_init
                0x00000000004028ec       0xd4 ./common/driver_init.o
                0x00000000004028ec                MACIF_PORT_init
 .text.MACIF_CLOCK_init
                0x00000000004029c0       0x1c ./common/driver_init.o
                0x00000000004029c0                MACIF_CLOCK_init
 .text.MACIF_init
                0x00000000004029dc       0x1c ./common/driver_init.o
                0x00000000004029dc                MACIF_init
 .text.CAN_Node0_CLOCK_init
                0x00000000004029f8       0x1c ./common/driver_init.o
                0x00000000004029f8                CAN_Node0_CLOCK_init
 .text.CAN_Node0_PORT_init
                0x0000000000402a14       0x30 ./common/driver_init.o
                0x0000000000402a14                CAN_Node0_PORT_init
 .text.CAN_Node0_init
                0x0000000000402a44       0x1c ./common/driver_init.o
                0x0000000000402a44                CAN_Node0_init
 .text.CAN_Node1_CLOCK_init
                0x0000000000402a60       0x1c ./common/driver_init.o
                0x0000000000402a60                CAN_Node1_CLOCK_init
 .text.CAN_Node1_PORT_init
                0x0000000000402a7c       0x34 ./common/driver_init.o
                0x0000000000402a7c                CAN_Node1_PORT_init
 .text.CAN_Node1_init
                0x0000000000402ab0       0x1c ./common/driver_init.o
                0x0000000000402ab0                CAN_Node1_init
 .text.system_init
                0x0000000000402acc       0x68 ./common/driver_init.o
                0x0000000000402acc                system_init
 .text.stdio_redirect_init
                0x0000000000402b34       0x18 ./common/stdio_start.o
                0x0000000000402b34                stdio_redirect_init
 .text.Dummy_Handler
                0x0000000000402b4c        0x2 ./Device_Startup/startup_same70q21b.o
                0x0000000000402b4c                DACC_Handler
                0x0000000000402b4c                SVCall_Handler
                0x0000000000402b4c                UART3_Handler
                0x0000000000402b4c                UART2_Handler
                0x0000000000402b4c                TRNG_Handler
                0x0000000000402b4c                TC2_Handler
                0x0000000000402b4c                AFEC1_Handler
                0x0000000000402b4c                TC7_Handler
                0x0000000000402b4c                QSPI_Handler
                0x0000000000402b4c                NonMaskableInt_Handler
                0x0000000000402b4c                ISI_Handler
                0x0000000000402b4c                RSWDT_Handler
                0x0000000000402b4c                USART0_Handler
                0x0000000000402b4c                RTT_Handler
                0x0000000000402b4c                IXC_Handler
                0x0000000000402b4c                CCF_Handler
                0x0000000000402b4c                PIOB_Handler
                0x0000000000402b4c                UsageFault_Handler
                0x0000000000402b4c                WDT_Handler
                0x0000000000402b4c                MCAN1_INT1_Handler
                0x0000000000402b4c                TC4_Handler
                0x0000000000402b4c                TC1_Handler
                0x0000000000402b4c                HSMCI_Handler
                0x0000000000402b4c                UART1_Handler
                0x0000000000402b4c                Dummy_Handler
                0x0000000000402b4c                TWIHS1_Handler
                0x0000000000402b4c                UART4_Handler
                0x0000000000402b4c                USART1_Handler
                0x0000000000402b4c                PIOA_Handler
                0x0000000000402b4c                AFEC0_Handler
                0x0000000000402b4c                CCW_Handler
                0x0000000000402b4c                SSC_Handler
                0x0000000000402b4c                TC11_Handler
                0x0000000000402b4c                ACC_Handler
                0x0000000000402b4c                PMC_Handler
                0x0000000000402b4c                MCAN0_INT1_Handler
                0x0000000000402b4c                GMAC_Q5_Handler
                0x0000000000402b4c                SUPC_Handler
                0x0000000000402b4c                TC8_Handler
                0x0000000000402b4c                GMAC_Q1_Handler
                0x0000000000402b4c                USART2_Handler
                0x0000000000402b4c                SDRAMC_Handler
                0x0000000000402b4c                GMAC_Q2_Handler
                0x0000000000402b4c                PIOE_Handler
                0x0000000000402b4c                SPI1_Handler
                0x0000000000402b4c                TC10_Handler
                0x0000000000402b4c                GMAC_Q3_Handler
                0x0000000000402b4c                PIOD_Handler
                0x0000000000402b4c                TWIHS2_Handler
                0x0000000000402b4c                I2SC0_Handler
                0x0000000000402b4c                UART0_Handler
                0x0000000000402b4c                I2SC1_Handler
                0x0000000000402b4c                GMAC_Q4_Handler
                0x0000000000402b4c                FPU_Handler
                0x0000000000402b4c                RSTC_Handler
                0x0000000000402b4c                DebugMonitor_Handler
                0x0000000000402b4c                TC5_Handler
                0x0000000000402b4c                ICM_Handler
                0x0000000000402b4c                AES_Handler
                0x0000000000402b4c                TWIHS0_Handler
                0x0000000000402b4c                SPI0_Handler
 .text.BusFault_Handler
                0x0000000000402b4e        0x2 ./Device_Startup/startup_same70q21b.o
                0x0000000000402b4e                BusFault_Handler
 .text.HardFault_Handler
                0x0000000000402b50       0x14 ./Device_Startup/startup_same70q21b.o
                0x0000000000402b50                HardFault_Handler
 .text.MemoryManagement_Handler
                0x0000000000402b64        0x2 ./Device_Startup/startup_same70q21b.o
                0x0000000000402b64                MemoryManagement_Handler
 *fill*         0x0000000000402b66        0x2 
 .text.Reset_Handler
                0x0000000000402b68       0x80 ./Device_Startup/startup_same70q21b.o
                0x0000000000402b68                Reset_Handler
 .text.fault_handler_trace
                0x0000000000402be8       0x8c ./Device_Startup/startup_same70q21b.o
                0x0000000000402be8                fault_handler_trace
 .text.main     0x0000000000402c74       0x50 ./main.o
                0x0000000000402c74                main
 .text.led_thread_entry
                0x0000000000402cc4       0x1c ./rtos_start.o
 .text.tx_application_define
                0x0000000000402ce0       0x8c ./rtos_start.o
                0x0000000000402ce0                tx_application_define
 .text.ThreadX_V610X_start
                0x0000000000402d6c        0x8 ./rtos_start.o
                0x0000000000402d6c                ThreadX_V610X_start
 .text.selfrel_offset31
                0x0000000000402d74       0x14 c:/workspace/tools/eclipse-embedcpp/xpack-arm-none-eabi-gcc-10.2.1-1.1/bin/../lib/gcc/arm-none-eabi/10.2.1/thumb/v7e-m+dp/hard\libgcc.a(unwind-arm.o)
 .text.search_EIT_table
                0x0000000000402d88       0x5c c:/workspace/tools/eclipse-embedcpp/xpack-arm-none-eabi-gcc-10.2.1-1.1/bin/../lib/gcc/arm-none-eabi/10.2.1/thumb/v7e-m+dp/hard\libgcc.a(unwind-arm.o)
 .text.__gnu_unwind_get_pr_addr
                0x0000000000402de4       0x28 c:/workspace/tools/eclipse-embedcpp/xpack-arm-none-eabi-gcc-10.2.1-1.1/bin/../lib/gcc/arm-none-eabi/10.2.1/thumb/v7e-m+dp/hard\libgcc.a(unwind-arm.o)
 .text.get_eit_entry
                0x0000000000402e0c       0x9c c:/workspace/tools/eclipse-embedcpp/xpack-arm-none-eabi-gcc-10.2.1-1.1/bin/../lib/gcc/arm-none-eabi/10.2.1/thumb/v7e-m+dp/hard\libgcc.a(unwind-arm.o)
 .text.restore_non_core_regs
                0x0000000000402ea8       0x58 c:/workspace/tools/eclipse-embedcpp/xpack-arm-none-eabi-gcc-10.2.1-1.1/bin/../lib/gcc/arm-none-eabi/10.2.1/thumb/v7e-m+dp/hard\libgcc.a(unwind-arm.o)
 .text._Unwind_decode_typeinfo_ptr.constprop.0
                0x0000000000402f00        0xc c:/workspace/tools/eclipse-embedcpp/xpack-arm-none-eabi-gcc-10.2.1-1.1/bin/../lib/gcc/arm-none-eabi/10.2.1/thumb/v7e-m+dp/hard\libgcc.a(unwind-arm.o)
 .text._Unwind_DebugHook
                0x0000000000402f0c        0x4 c:/workspace/tools/eclipse-embedcpp/xpack-arm-none-eabi-gcc-10.2.1-1.1/bin/../lib/gcc/arm-none-eabi/10.2.1/thumb/v7e-m+dp/hard\libgcc.a(unwind-arm.o)
 .text.unwind_phase2
                0x0000000000402f10       0x3c c:/workspace/tools/eclipse-embedcpp/xpack-arm-none-eabi-gcc-10.2.1-1.1/bin/../lib/gcc/arm-none-eabi/10.2.1/thumb/v7e-m+dp/hard\libgcc.a(unwind-arm.o)
 .text.unwind_phase2_forced
                0x0000000000402f4c       0xcc c:/workspace/tools/eclipse-embedcpp/xpack-arm-none-eabi-gcc-10.2.1-1.1/bin/../lib/gcc/arm-none-eabi/10.2.1/thumb/v7e-m+dp/hard\libgcc.a(unwind-arm.o)
 .text.__gnu_Unwind_RaiseException
                0x0000000000403018       0x68 c:/workspace/tools/eclipse-embedcpp/xpack-arm-none-eabi-gcc-10.2.1-1.1/bin/../lib/gcc/arm-none-eabi/10.2.1/thumb/v7e-m+dp/hard\libgcc.a(unwind-arm.o)
                0x0000000000403018                __gnu_Unwind_RaiseException
 .text.__gnu_Unwind_ForcedUnwind
                0x0000000000403080       0x10 c:/workspace/tools/eclipse-embedcpp/xpack-arm-none-eabi-gcc-10.2.1-1.1/bin/../lib/gcc/arm-none-eabi/10.2.1/thumb/v7e-m+dp/hard\libgcc.a(unwind-arm.o)
                0x0000000000403080                __gnu_Unwind_ForcedUnwind
 .text.__gnu_Unwind_Resume
                0x0000000000403090       0x44 c:/workspace/tools/eclipse-embedcpp/xpack-arm-none-eabi-gcc-10.2.1-1.1/bin/../lib/gcc/arm-none-eabi/10.2.1/thumb/v7e-m+dp/hard\libgcc.a(unwind-arm.o)
                0x0000000000403090                __gnu_Unwind_Resume
 .text.__gnu_Unwind_Resume_or_Rethrow
                0x00000000004030d4       0x14 c:/workspace/tools/eclipse-embedcpp/xpack-arm-none-eabi-gcc-10.2.1-1.1/bin/../lib/gcc/arm-none-eabi/10.2.1/thumb/v7e-m+dp/hard\libgcc.a(unwind-arm.o)
                0x00000000004030d4                __gnu_Unwind_Resume_or_Rethrow
 .text._Unwind_VRS_Get
                0x00000000004030e8       0x30 c:/workspace/tools/eclipse-embedcpp/xpack-arm-none-eabi-gcc-10.2.1-1.1/bin/../lib/gcc/arm-none-eabi/10.2.1/thumb/v7e-m+dp/hard\libgcc.a(unwind-arm.o)
                0x00000000004030e8                _Unwind_VRS_Get
 .text._Unwind_GetGR
                0x0000000000403118       0x1c c:/workspace/tools/eclipse-embedcpp/xpack-arm-none-eabi-gcc-10.2.1-1.1/bin/../lib/gcc/arm-none-eabi/10.2.1/thumb/v7e-m+dp/hard\libgcc.a(unwind-arm.o)
 .text._Unwind_VRS_Set
                0x0000000000403134       0x30 c:/workspace/tools/eclipse-embedcpp/xpack-arm-none-eabi-gcc-10.2.1-1.1/bin/../lib/gcc/arm-none-eabi/10.2.1/thumb/v7e-m+dp/hard\libgcc.a(unwind-arm.o)
                0x0000000000403134                _Unwind_VRS_Set
 .text._Unwind_SetGR
                0x0000000000403164       0x18 c:/workspace/tools/eclipse-embedcpp/xpack-arm-none-eabi-gcc-10.2.1-1.1/bin/../lib/gcc/arm-none-eabi/10.2.1/thumb/v7e-m+dp/hard\libgcc.a(unwind-arm.o)
 .text.__gnu_Unwind_Backtrace
                0x000000000040317c       0x84 c:/workspace/tools/eclipse-embedcpp/xpack-arm-none-eabi-gcc-10.2.1-1.1/bin/../lib/gcc/arm-none-eabi/10.2.1/thumb/v7e-m+dp/hard\libgcc.a(unwind-arm.o)
                0x000000000040317c                __gnu_Unwind_Backtrace
 .text.__gnu_unwind_pr_common
                0x0000000000403200      0x2a8 c:/workspace/tools/eclipse-embedcpp/xpack-arm-none-eabi-gcc-10.2.1-1.1/bin/../lib/gcc/arm-none-eabi/10.2.1/thumb/v7e-m+dp/hard\libgcc.a(unwind-arm.o)
 .text.__aeabi_unwind_cpp_pr0
                0x00000000004034a8        0x8 c:/workspace/tools/eclipse-embedcpp/xpack-arm-none-eabi-gcc-10.2.1-1.1/bin/../lib/gcc/arm-none-eabi/10.2.1/thumb/v7e-m+dp/hard\libgcc.a(unwind-arm.o)
                0x00000000004034a8                __aeabi_unwind_cpp_pr0
 .text.__aeabi_unwind_cpp_pr1
                0x00000000004034b0        0x8 c:/workspace/tools/eclipse-embedcpp/xpack-arm-none-eabi-gcc-10.2.1-1.1/bin/../lib/gcc/arm-none-eabi/10.2.1/thumb/v7e-m+dp/hard\libgcc.a(unwind-arm.o)
                0x00000000004034b0                __aeabi_unwind_cpp_pr1
 .text.__aeabi_unwind_cpp_pr2
                0x00000000004034b8        0x8 c:/workspace/tools/eclipse-embedcpp/xpack-arm-none-eabi-gcc-10.2.1-1.1/bin/../lib/gcc/arm-none-eabi/10.2.1/thumb/v7e-m+dp/hard\libgcc.a(unwind-arm.o)
                0x00000000004034b8                __aeabi_unwind_cpp_pr2
 .text._Unwind_VRS_Pop
                0x00000000004034c0      0x284 c:/workspace/tools/eclipse-embedcpp/xpack-arm-none-eabi-gcc-10.2.1-1.1/bin/../lib/gcc/arm-none-eabi/10.2.1/thumb/v7e-m+dp/hard\libgcc.a(unwind-arm.o)
                0x00000000004034c0                _Unwind_VRS_Pop
 .text          0x0000000000403744      0x1ac c:/workspace/tools/eclipse-embedcpp/xpack-arm-none-eabi-gcc-10.2.1-1.1/bin/../lib/gcc/arm-none-eabi/10.2.1/thumb/v7e-m+dp/hard\libgcc.a(libunwind.o)
                0x0000000000403744                __restore_core_regs
                0x0000000000403744                restore_core_regs
                0x000000000040375c                __gnu_Unwind_Restore_VFP
                0x0000000000403764                __gnu_Unwind_Save_VFP
                0x000000000040376c                __gnu_Unwind_Restore_VFP_D
                0x0000000000403774                __gnu_Unwind_Save_VFP_D
                0x000000000040377c                __gnu_Unwind_Restore_VFP_D_16_to_31
                0x0000000000403784                __gnu_Unwind_Save_VFP_D_16_to_31
                0x000000000040378c                __gnu_Unwind_Restore_WMMXD
                0x00000000004037d0                __gnu_Unwind_Save_WMMXD
                0x0000000000403814                __gnu_Unwind_Restore_WMMXC
                0x0000000000403828                __gnu_Unwind_Save_WMMXC
                0x000000000040383c                ___Unwind_RaiseException
                0x000000000040383c                _Unwind_RaiseException
                0x0000000000403860                _Unwind_Resume
                0x0000000000403860                ___Unwind_Resume
                0x0000000000403884                _Unwind_Resume_or_Rethrow
                0x0000000000403884                ___Unwind_Resume_or_Rethrow
                0x00000000004038a8                _Unwind_ForcedUnwind
                0x00000000004038a8                ___Unwind_ForcedUnwind
                0x00000000004038cc                ___Unwind_Backtrace
                0x00000000004038cc                _Unwind_Backtrace
 .text.next_unwind_byte
                0x00000000004038f0       0x38 c:/workspace/tools/eclipse-embedcpp/xpack-arm-none-eabi-gcc-10.2.1-1.1/bin/../lib/gcc/arm-none-eabi/10.2.1/thumb/v7e-m+dp/hard\libgcc.a(pr-support.o)
 .text.__gnu_unwind_execute
                0x0000000000403928      0x2ac c:/workspace/tools/eclipse-embedcpp/xpack-arm-none-eabi-gcc-10.2.1-1.1/bin/../lib/gcc/arm-none-eabi/10.2.1/thumb/v7e-m+dp/hard\libgcc.a(pr-support.o)
                0x0000000000403928                __gnu_unwind_execute
 .text.abort    0x0000000000403bd4       0x10 c:/workspace/tools/eclipse-embedcpp/xpack-arm-none-eabi-gcc-10.2.1-1.1/bin/../lib/gcc/arm-none-eabi/10.2.1/../../../../arm-none-eabi/lib/thumb/v7e-m+dp/hard\libg.a(lib_a-abort.o)
                0x0000000000403bd4                abort
 .text.__libc_init_array
                0x0000000000403be4       0x48 c:/workspace/tools/eclipse-embedcpp/xpack-arm-none-eabi-gcc-10.2.1-1.1/bin/../lib/gcc/arm-none-eabi/10.2.1/../../../../arm-none-eabi/lib/thumb/v7e-m+dp/hard\libg.a(lib_a-init.o)
                0x0000000000403be4                __libc_init_array
 .text          0x0000000000403c2c      0x134 c:/workspace/tools/eclipse-embedcpp/xpack-arm-none-eabi-gcc-10.2.1-1.1/bin/../lib/gcc/arm-none-eabi/10.2.1/../../../../arm-none-eabi/lib/thumb/v7e-m+dp/hard\libg.a(lib_a-memcpy.o)
                0x0000000000403c2c                memcpy
 .text.memset   0x0000000000403d60       0xa4 c:/workspace/tools/eclipse-embedcpp/xpack-arm-none-eabi-gcc-10.2.1-1.1/bin/../lib/gcc/arm-none-eabi/10.2.1/../../../../arm-none-eabi/lib/thumb/v7e-m+dp/hard\libg.a(lib_a-memset.o)
                0x0000000000403d60                memset
 .text.printf   0x0000000000403e04       0x28 c:/workspace/tools/eclipse-embedcpp/xpack-arm-none-eabi-gcc-10.2.1-1.1/bin/../lib/gcc/arm-none-eabi/10.2.1/../../../../arm-none-eabi/lib/thumb/v7e-m+dp/hard\libg.a(lib_a-printf.o)
                0x0000000000403e04                printf
 .text._puts_r  0x0000000000403e2c       0x9c c:/workspace/tools/eclipse-embedcpp/xpack-arm-none-eabi-gcc-10.2.1-1.1/bin/../lib/gcc/arm-none-eabi/10.2.1/../../../../arm-none-eabi/lib/thumb/v7e-m+dp/hard\libg.a(lib_a-puts.o)
                0x0000000000403e2c                _puts_r
 .text.puts     0x0000000000403ec8       0x10 c:/workspace/tools/eclipse-embedcpp/xpack-arm-none-eabi-gcc-10.2.1-1.1/bin/../lib/gcc/arm-none-eabi/10.2.1/../../../../arm-none-eabi/lib/thumb/v7e-m+dp/hard\libg.a(lib_a-puts.o)
                0x0000000000403ec8                puts
 .text.setbuf   0x0000000000403ed8       0x10 c:/workspace/tools/eclipse-embedcpp/xpack-arm-none-eabi-gcc-10.2.1-1.1/bin/../lib/gcc/arm-none-eabi/10.2.1/../../../../arm-none-eabi/lib/thumb/v7e-m+dp/hard\libg.a(lib_a-setbuf.o)
                0x0000000000403ed8                setbuf
 .text.setvbuf  0x0000000000403ee8      0x1b0 c:/workspace/tools/eclipse-embedcpp/xpack-arm-none-eabi-gcc-10.2.1-1.1/bin/../lib/gcc/arm-none-eabi/10.2.1/../../../../arm-none-eabi/lib/thumb/v7e-m+dp/hard\libg.a(lib_a-setvbuf.o)
                0x0000000000403ee8                setvbuf
 .text.raise    0x0000000000404098       0x5c c:/workspace/tools/eclipse-embedcpp/xpack-arm-none-eabi-gcc-10.2.1-1.1/bin/../lib/gcc/arm-none-eabi/10.2.1/../../../../arm-none-eabi/lib/thumb/v7e-m+dp/hard\libg.a(lib_a-signal.o)
                0x0000000000404098                raise
 .text._kill_r  0x00000000004040f4       0x2c c:/workspace/tools/eclipse-embedcpp/xpack-arm-none-eabi-gcc-10.2.1-1.1/bin/../lib/gcc/arm-none-eabi/10.2.1/../../../../arm-none-eabi/lib/thumb/v7e-m+dp/hard\libg.a(lib_a-signalr.o)
                0x00000000004040f4                _kill_r
 .text._getpid_r
                0x0000000000404120        0x4 c:/workspace/tools/eclipse-embedcpp/xpack-arm-none-eabi-gcc-10.2.1-1.1/bin/../lib/gcc/arm-none-eabi/10.2.1/../../../../arm-none-eabi/lib/thumb/v7e-m+dp/hard\libg.a(lib_a-signalr.o)
                0x0000000000404120                _getpid_r
 *fill*         0x0000000000404124       0x1c 
 .text          0x0000000000404140       0xdc c:/workspace/tools/eclipse-embedcpp/xpack-arm-none-eabi-gcc-10.2.1-1.1/bin/../lib/gcc/arm-none-eabi/10.2.1/../../../../arm-none-eabi/lib/thumb/v7e-m+dp/hard\libg.a(lib_a-strlen.o)
                0x0000000000404140                strlen
 *fill*         0x000000000040421c        0x4 
 .text._vfprintf_r
                0x0000000000404220     0x1aa0 c:/workspace/tools/eclipse-embedcpp/xpack-arm-none-eabi-gcc-10.2.1-1.1/bin/../lib/gcc/arm-none-eabi/10.2.1/../../../../arm-none-eabi/lib/thumb/v7e-m+dp/hard\libg.a(lib_a-vfprintf.o)
                0x0000000000404220                _vfprintf_r
 .text.__sbprintf
                0x0000000000405cc0       0x80 c:/workspace/tools/eclipse-embedcpp/xpack-arm-none-eabi-gcc-10.2.1-1.1/bin/../lib/gcc/arm-none-eabi/10.2.1/../../../../arm-none-eabi/lib/thumb/v7e-m+dp/hard\libg.a(lib_a-vfprintf.o)
 .text.__swsetup_r
                0x0000000000405d40       0xd4 c:/workspace/tools/eclipse-embedcpp/xpack-arm-none-eabi-gcc-10.2.1-1.1/bin/../lib/gcc/arm-none-eabi/10.2.1/../../../../arm-none-eabi/lib/thumb/v7e-m+dp/hard\libg.a(lib_a-wsetup.o)
                0x0000000000405d40                __swsetup_r
 .text.startup.register_fini
                0x0000000000405e14       0x14 c:/workspace/tools/eclipse-embedcpp/xpack-arm-none-eabi-gcc-10.2.1-1.1/bin/../lib/gcc/arm-none-eabi/10.2.1/../../../../arm-none-eabi/lib/thumb/v7e-m+dp/hard\libg.a(lib_a-__call_atexit.o)
 .text.quorem   0x0000000000405e28      0x128 c:/workspace/tools/eclipse-embedcpp/xpack-arm-none-eabi-gcc-10.2.1-1.1/bin/../lib/gcc/arm-none-eabi/10.2.1/../../../../arm-none-eabi/lib/thumb/v7e-m+dp/hard\libg.a(lib_a-dtoa.o)
 .text._dtoa_r  0x0000000000405f50      0xcd8 c:/workspace/tools/eclipse-embedcpp/xpack-arm-none-eabi-gcc-10.2.1-1.1/bin/../lib/gcc/arm-none-eabi/10.2.1/../../../../arm-none-eabi/lib/thumb/v7e-m+dp/hard\libg.a(lib_a-dtoa.o)
                0x0000000000405f50                _dtoa_r
 .text.__sflush_r
                0x0000000000406c28      0x130 c:/workspace/tools/eclipse-embedcpp/xpack-arm-none-eabi-gcc-10.2.1-1.1/bin/../lib/gcc/arm-none-eabi/10.2.1/../../../../arm-none-eabi/lib/thumb/v7e-m+dp/hard\libg.a(lib_a-fflush.o)
                0x0000000000406c28                __sflush_r
 .text._fflush_r
                0x0000000000406d58       0x5c c:/workspace/tools/eclipse-embedcpp/xpack-arm-none-eabi-gcc-10.2.1-1.1/bin/../lib/gcc/arm-none-eabi/10.2.1/../../../../arm-none-eabi/lib/thumb/v7e-m+dp/hard\libg.a(lib_a-fflush.o)
                0x0000000000406d58                _fflush_r
 .text._cleanup_r
                0x0000000000406db4        0xc c:/workspace/tools/eclipse-embedcpp/xpack-arm-none-eabi-gcc-10.2.1-1.1/bin/../lib/gcc/arm-none-eabi/10.2.1/../../../../arm-none-eabi/lib/thumb/v7e-m+dp/hard\libg.a(lib_a-findfp.o)
                0x0000000000406db4                _cleanup_r
 .text.__sinit  0x0000000000406dc0      0x10c c:/workspace/tools/eclipse-embedcpp/xpack-arm-none-eabi-gcc-10.2.1-1.1/bin/../lib/gcc/arm-none-eabi/10.2.1/../../../../arm-none-eabi/lib/thumb/v7e-m+dp/hard\libg.a(lib_a-findfp.o)
                0x0000000000406dc0                __sinit
 .text.__sfp_lock_acquire
                0x0000000000406ecc        0xc c:/workspace/tools/eclipse-embedcpp/xpack-arm-none-eabi-gcc-10.2.1-1.1/bin/../lib/gcc/arm-none-eabi/10.2.1/../../../../arm-none-eabi/lib/thumb/v7e-m+dp/hard\libg.a(lib_a-findfp.o)
                0x0000000000406ecc                __sfp_lock_acquire
 .text.__sfp_lock_release
                0x0000000000406ed8        0xc c:/workspace/tools/eclipse-embedcpp/xpack-arm-none-eabi-gcc-10.2.1-1.1/bin/../lib/gcc/arm-none-eabi/10.2.1/../../../../arm-none-eabi/lib/thumb/v7e-m+dp/hard\libg.a(lib_a-findfp.o)
                0x0000000000406ed8                __sfp_lock_release
 .text.__libc_fini_array
                0x0000000000406ee4       0x2c c:/workspace/tools/eclipse-embedcpp/xpack-arm-none-eabi-gcc-10.2.1-1.1/bin/../lib/gcc/arm-none-eabi/10.2.1/../../../../arm-none-eabi/lib/thumb/v7e-m+dp/hard\libg.a(lib_a-fini.o)
                0x0000000000406ee4                __libc_fini_array
 .text._malloc_trim_r
                0x0000000000406f10       0xa0 c:/workspace/tools/eclipse-embedcpp/xpack-arm-none-eabi-gcc-10.2.1-1.1/bin/../lib/gcc/arm-none-eabi/10.2.1/../../../../arm-none-eabi/lib/thumb/v7e-m+dp/hard\libg.a(lib_a-freer.o)
                0x0000000000406f10                _malloc_trim_r
 .text._free_r  0x0000000000406fb0      0x20c c:/workspace/tools/eclipse-embedcpp/xpack-arm-none-eabi-gcc-10.2.1-1.1/bin/../lib/gcc/arm-none-eabi/10.2.1/../../../../arm-none-eabi/lib/thumb/v7e-m+dp/hard\libg.a(lib_a-freer.o)
                0x0000000000406fb0                _free_r
 .text.__sfvwrite_r
                0x00000000004071bc      0x2f0 c:/workspace/tools/eclipse-embedcpp/xpack-arm-none-eabi-gcc-10.2.1-1.1/bin/../lib/gcc/arm-none-eabi/10.2.1/../../../../arm-none-eabi/lib/thumb/v7e-m+dp/hard\libg.a(lib_a-fvwrite.o)
                0x00000000004071bc                __sfvwrite_r
 .text._fwalk_reent
                0x00000000004074ac       0x48 c:/workspace/tools/eclipse-embedcpp/xpack-arm-none-eabi-gcc-10.2.1-1.1/bin/../lib/gcc/arm-none-eabi/10.2.1/../../../../arm-none-eabi/lib/thumb/v7e-m+dp/hard\libg.a(lib_a-fwalk.o)
                0x00000000004074ac                _fwalk_reent
 .text._localeconv_r
                0x00000000004074f4        0x8 c:/workspace/tools/eclipse-embedcpp/xpack-arm-none-eabi-gcc-10.2.1-1.1/bin/../lib/gcc/arm-none-eabi/10.2.1/../../../../arm-none-eabi/lib/thumb/v7e-m+dp/hard\libg.a(lib_a-localeconv.o)
                0x00000000004074f4                _localeconv_r
 .text.__locale_mb_cur_max
                0x00000000004074fc        0xc c:/workspace/tools/eclipse-embedcpp/xpack-arm-none-eabi-gcc-10.2.1-1.1/bin/../lib/gcc/arm-none-eabi/10.2.1/../../../../arm-none-eabi/lib/thumb/v7e-m+dp/hard\libg.a(lib_a-locale.o)
                0x00000000004074fc                __locale_mb_cur_max
 .text.__retarget_lock_init_recursive
                0x0000000000407508        0x4 c:/workspace/tools/eclipse-embedcpp/xpack-arm-none-eabi-gcc-10.2.1-1.1/bin/../lib/gcc/arm-none-eabi/10.2.1/../../../../arm-none-eabi/lib/thumb/v7e-m+dp/hard\libg.a(lib_a-lock.o)
                0x0000000000407508                __retarget_lock_init_recursive
 .text.__retarget_lock_close_recursive
                0x000000000040750c        0x4 c:/workspace/tools/eclipse-embedcpp/xpack-arm-none-eabi-gcc-10.2.1-1.1/bin/../lib/gcc/arm-none-eabi/10.2.1/../../../../arm-none-eabi/lib/thumb/v7e-m+dp/hard\libg.a(lib_a-lock.o)
                0x000000000040750c                __retarget_lock_close_recursive
 .text.__retarget_lock_acquire_recursive
                0x0000000000407510        0x4 c:/workspace/tools/eclipse-embedcpp/xpack-arm-none-eabi-gcc-10.2.1-1.1/bin/../lib/gcc/arm-none-eabi/10.2.1/../../../../arm-none-eabi/lib/thumb/v7e-m+dp/hard\libg.a(lib_a-lock.o)
                0x0000000000407510                __retarget_lock_acquire_recursive
 .text.__retarget_lock_release_recursive
                0x0000000000407514        0x4 c:/workspace/tools/eclipse-embedcpp/xpack-arm-none-eabi-gcc-10.2.1-1.1/bin/../lib/gcc/arm-none-eabi/10.2.1/../../../../arm-none-eabi/lib/thumb/v7e-m+dp/hard\libg.a(lib_a-lock.o)
                0x0000000000407514                __retarget_lock_release_recursive
 .text.__smakebuf_r
                0x0000000000407518       0xe0 c:/workspace/tools/eclipse-embedcpp/xpack-arm-none-eabi-gcc-10.2.1-1.1/bin/../lib/gcc/arm-none-eabi/10.2.1/../../../../arm-none-eabi/lib/thumb/v7e-m+dp/hard\libg.a(lib_a-makebuf.o)
                0x0000000000407518                __smakebuf_r
 .text.__swhatbuf_r
                0x00000000004075f8       0x60 c:/workspace/tools/eclipse-embedcpp/xpack-arm-none-eabi-gcc-10.2.1-1.1/bin/../lib/gcc/arm-none-eabi/10.2.1/../../../../arm-none-eabi/lib/thumb/v7e-m+dp/hard\libg.a(lib_a-makebuf.o)
                0x00000000004075f8                __swhatbuf_r
 .text.malloc   0x0000000000407658       0x10 c:/workspace/tools/eclipse-embedcpp/xpack-arm-none-eabi-gcc-10.2.1-1.1/bin/../lib/gcc/arm-none-eabi/10.2.1/../../../../arm-none-eabi/lib/thumb/v7e-m+dp/hard\libg.a(lib_a-malloc.o)
                0x0000000000407658                malloc
 .text._malloc_r
                0x0000000000407668      0x560 c:/workspace/tools/eclipse-embedcpp/xpack-arm-none-eabi-gcc-10.2.1-1.1/bin/../lib/gcc/arm-none-eabi/10.2.1/../../../../arm-none-eabi/lib/thumb/v7e-m+dp/hard\libg.a(lib_a-mallocr.o)
                0x0000000000407668                _malloc_r
 .text.__ascii_mbtowc
                0x0000000000407bc8       0x2c c:/workspace/tools/eclipse-embedcpp/xpack-arm-none-eabi-gcc-10.2.1-1.1/bin/../lib/gcc/arm-none-eabi/10.2.1/../../../../arm-none-eabi/lib/thumb/v7e-m+dp/hard\libg.a(lib_a-mbtowc_r.o)
                0x0000000000407bc8                __ascii_mbtowc
 *fill*         0x0000000000407bf4        0xc 
 .text          0x0000000000407c00       0xa0 c:/workspace/tools/eclipse-embedcpp/xpack-arm-none-eabi-gcc-10.2.1-1.1/bin/../lib/gcc/arm-none-eabi/10.2.1/../../../../arm-none-eabi/lib/thumb/v7e-m+dp/hard\libg.a(lib_a-memchr.o)
                0x0000000000407c00                memchr
 .text.memmove  0x0000000000407ca0       0xf8 c:/workspace/tools/eclipse-embedcpp/xpack-arm-none-eabi-gcc-10.2.1-1.1/bin/../lib/gcc/arm-none-eabi/10.2.1/../../../../arm-none-eabi/lib/thumb/v7e-m+dp/hard\libg.a(lib_a-memmove.o)
                0x0000000000407ca0                memmove
 .text.__malloc_lock
                0x0000000000407d98        0xc c:/workspace/tools/eclipse-embedcpp/xpack-arm-none-eabi-gcc-10.2.1-1.1/bin/../lib/gcc/arm-none-eabi/10.2.1/../../../../arm-none-eabi/lib/thumb/v7e-m+dp/hard\libg.a(lib_a-mlock.o)
                0x0000000000407d98                __malloc_lock
 .text.__malloc_unlock
                0x0000000000407da4        0xc c:/workspace/tools/eclipse-embedcpp/xpack-arm-none-eabi-gcc-10.2.1-1.1/bin/../lib/gcc/arm-none-eabi/10.2.1/../../../../arm-none-eabi/lib/thumb/v7e-m+dp/hard\libg.a(lib_a-mlock.o)
                0x0000000000407da4                __malloc_unlock
 .text._Balloc  0x0000000000407db0       0x4c c:/workspace/tools/eclipse-embedcpp/xpack-arm-none-eabi-gcc-10.2.1-1.1/bin/../lib/gcc/arm-none-eabi/10.2.1/../../../../arm-none-eabi/lib/thumb/v7e-m+dp/hard\libg.a(lib_a-mprec.o)
                0x0000000000407db0                _Balloc
 .text._Bfree   0x0000000000407dfc       0x14 c:/workspace/tools/eclipse-embedcpp/xpack-arm-none-eabi-gcc-10.2.1-1.1/bin/../lib/gcc/arm-none-eabi/10.2.1/../../../../arm-none-eabi/lib/thumb/v7e-m+dp/hard\libg.a(lib_a-mprec.o)
                0x0000000000407dfc                _Bfree
 .text.__multadd
                0x0000000000407e10       0xa8 c:/workspace/tools/eclipse-embedcpp/xpack-arm-none-eabi-gcc-10.2.1-1.1/bin/../lib/gcc/arm-none-eabi/10.2.1/../../../../arm-none-eabi/lib/thumb/v7e-m+dp/hard\libg.a(lib_a-mprec.o)
                0x0000000000407e10                __multadd
 .text.__hi0bits
                0x0000000000407eb8       0x40 c:/workspace/tools/eclipse-embedcpp/xpack-arm-none-eabi-gcc-10.2.1-1.1/bin/../lib/gcc/arm-none-eabi/10.2.1/../../../../arm-none-eabi/lib/thumb/v7e-m+dp/hard\libg.a(lib_a-mprec.o)
                0x0000000000407eb8                __hi0bits
 .text.__lo0bits
                0x0000000000407ef8       0x60 c:/workspace/tools/eclipse-embedcpp/xpack-arm-none-eabi-gcc-10.2.1-1.1/bin/../lib/gcc/arm-none-eabi/10.2.1/../../../../arm-none-eabi/lib/thumb/v7e-m+dp/hard\libg.a(lib_a-mprec.o)
                0x0000000000407ef8                __lo0bits
 .text.__i2b    0x0000000000407f58       0x5c c:/workspace/tools/eclipse-embedcpp/xpack-arm-none-eabi-gcc-10.2.1-1.1/bin/../lib/gcc/arm-none-eabi/10.2.1/../../../../arm-none-eabi/lib/thumb/v7e-m+dp/hard\libg.a(lib_a-mprec.o)
                0x0000000000407f58                __i2b
 .text.__multiply
                0x0000000000407fb4      0x158 c:/workspace/tools/eclipse-embedcpp/xpack-arm-none-eabi-gcc-10.2.1-1.1/bin/../lib/gcc/arm-none-eabi/10.2.1/../../../../arm-none-eabi/lib/thumb/v7e-m+dp/hard\libg.a(lib_a-mprec.o)
                0x0000000000407fb4                __multiply
 .text.__pow5mult
                0x000000000040810c       0xc0 c:/workspace/tools/eclipse-embedcpp/xpack-arm-none-eabi-gcc-10.2.1-1.1/bin/../lib/gcc/arm-none-eabi/10.2.1/../../../../arm-none-eabi/lib/thumb/v7e-m+dp/hard\libg.a(lib_a-mprec.o)
                0x000000000040810c                __pow5mult
 .text.__lshift
                0x00000000004081cc       0xf0 c:/workspace/tools/eclipse-embedcpp/xpack-arm-none-eabi-gcc-10.2.1-1.1/bin/../lib/gcc/arm-none-eabi/10.2.1/../../../../arm-none-eabi/lib/thumb/v7e-m+dp/hard\libg.a(lib_a-mprec.o)
                0x00000000004081cc                __lshift
 .text.__mcmp   0x00000000004082bc       0x44 c:/workspace/tools/eclipse-embedcpp/xpack-arm-none-eabi-gcc-10.2.1-1.1/bin/../lib/gcc/arm-none-eabi/10.2.1/../../../../arm-none-eabi/lib/thumb/v7e-m+dp/hard\libg.a(lib_a-mprec.o)
                0x00000000004082bc                __mcmp
 .text.__mdiff  0x0000000000408300      0x14c c:/workspace/tools/eclipse-embedcpp/xpack-arm-none-eabi-gcc-10.2.1-1.1/bin/../lib/gcc/arm-none-eabi/10.2.1/../../../../arm-none-eabi/lib/thumb/v7e-m+dp/hard\libg.a(lib_a-mprec.o)
                0x0000000000408300                __mdiff
 .text.__d2b    0x000000000040844c       0xd0 c:/workspace/tools/eclipse-embedcpp/xpack-arm-none-eabi-gcc-10.2.1-1.1/bin/../lib/gcc/arm-none-eabi/10.2.1/../../../../arm-none-eabi/lib/thumb/v7e-m+dp/hard\libg.a(lib_a-mprec.o)
                0x000000000040844c                __d2b
 .text._realloc_r
                0x000000000040851c      0x3d8 c:/workspace/tools/eclipse-embedcpp/xpack-arm-none-eabi-gcc-10.2.1-1.1/bin/../lib/gcc/arm-none-eabi/10.2.1/../../../../arm-none-eabi/lib/thumb/v7e-m+dp/hard\libg.a(lib_a-reallocr.o)
                0x000000000040851c                _realloc_r
 .text._sbrk_r  0x00000000004088f4       0x24 c:/workspace/tools/eclipse-embedcpp/xpack-arm-none-eabi-gcc-10.2.1-1.1/bin/../lib/gcc/arm-none-eabi/10.2.1/../../../../arm-none-eabi/lib/thumb/v7e-m+dp/hard\libg.a(lib_a-sbrkr.o)
                0x00000000004088f4                _sbrk_r
 .text.frexp    0x0000000000408918       0x78 c:/workspace/tools/eclipse-embedcpp/xpack-arm-none-eabi-gcc-10.2.1-1.1/bin/../lib/gcc/arm-none-eabi/10.2.1/../../../../arm-none-eabi/lib/thumb/v7e-m+dp/hard\libg.a(lib_a-s_frexp.o)
                0x0000000000408918                frexp
 .text.__sread  0x0000000000408990       0x24 c:/workspace/tools/eclipse-embedcpp/xpack-arm-none-eabi-gcc-10.2.1-1.1/bin/../lib/gcc/arm-none-eabi/10.2.1/../../../../arm-none-eabi/lib/thumb/v7e-m+dp/hard\libg.a(lib_a-stdio.o)
                0x0000000000408990                __sread
 .text.__swrite
                0x00000000004089b4       0x40 c:/workspace/tools/eclipse-embedcpp/xpack-arm-none-eabi-gcc-10.2.1-1.1/bin/../lib/gcc/arm-none-eabi/10.2.1/../../../../arm-none-eabi/lib/thumb/v7e-m+dp/hard\libg.a(lib_a-stdio.o)
                0x00000000004089b4                __swrite
 .text.__sseek  0x00000000004089f4       0x20 c:/workspace/tools/eclipse-embedcpp/xpack-arm-none-eabi-gcc-10.2.1-1.1/bin/../lib/gcc/arm-none-eabi/10.2.1/../../../../arm-none-eabi/lib/thumb/v7e-m+dp/hard\libg.a(lib_a-stdio.o)
                0x00000000004089f4                __sseek
 .text.__sclose
                0x0000000000408a14        0x8 c:/workspace/tools/eclipse-embedcpp/xpack-arm-none-eabi-gcc-10.2.1-1.1/bin/../lib/gcc/arm-none-eabi/10.2.1/../../../../arm-none-eabi/lib/thumb/v7e-m+dp/hard\libg.a(lib_a-stdio.o)
                0x0000000000408a14                __sclose
 .text.strncpy  0x0000000000408a1c       0x64 c:/workspace/tools/eclipse-embedcpp/xpack-arm-none-eabi-gcc-10.2.1-1.1/bin/../lib/gcc/arm-none-eabi/10.2.1/../../../../arm-none-eabi/lib/thumb/v7e-m+dp/hard\libg.a(lib_a-strncpy.o)
                0x0000000000408a1c                strncpy
 .text.__sprint_r.part.0
                0x0000000000408a80       0x78 c:/workspace/tools/eclipse-embedcpp/xpack-arm-none-eabi-gcc-10.2.1-1.1/bin/../lib/gcc/arm-none-eabi/10.2.1/../../../../arm-none-eabi/lib/thumb/v7e-m+dp/hard\libg.a(lib_a-vfiprintf.o)
 .text.__sprint_r
                0x0000000000408af8       0x18 c:/workspace/tools/eclipse-embedcpp/xpack-arm-none-eabi-gcc-10.2.1-1.1/bin/../lib/gcc/arm-none-eabi/10.2.1/../../../../arm-none-eabi/lib/thumb/v7e-m+dp/hard\libg.a(lib_a-vfiprintf.o)
                0x0000000000408af8                __sprint_r
 .text._vfiprintf_r
                0x0000000000408b10      0xdf4 c:/workspace/tools/eclipse-embedcpp/xpack-arm-none-eabi-gcc-10.2.1-1.1/bin/../lib/gcc/arm-none-eabi/10.2.1/../../../../arm-none-eabi/lib/thumb/v7e-m+dp/hard\libg.a(lib_a-vfiprintf.o)
                0x0000000000408b10                _vfiprintf_r
 .text.__sbprintf
                0x0000000000409904       0x80 c:/workspace/tools/eclipse-embedcpp/xpack-arm-none-eabi-gcc-10.2.1-1.1/bin/../lib/gcc/arm-none-eabi/10.2.1/../../../../arm-none-eabi/lib/thumb/v7e-m+dp/hard\libg.a(lib_a-vfiprintf.o)
 .text.__ascii_wctomb
                0x0000000000409984       0x1c c:/workspace/tools/eclipse-embedcpp/xpack-arm-none-eabi-gcc-10.2.1-1.1/bin/../lib/gcc/arm-none-eabi/10.2.1/../../../../arm-none-eabi/lib/thumb/v7e-m+dp/hard\libg.a(lib_a-wctomb_r.o)
                0x0000000000409984                __ascii_wctomb
 .text._write_r
                0x00000000004099a0       0x2c c:/workspace/tools/eclipse-embedcpp/xpack-arm-none-eabi-gcc-10.2.1-1.1/bin/../lib/gcc/arm-none-eabi/10.2.1/../../../../arm-none-eabi/lib/thumb/v7e-m+dp/hard\libg.a(lib_a-writer.o)
                0x00000000004099a0                _write_r
 .text.__assert_func
                0x00000000004099cc       0x40 c:/workspace/tools/eclipse-embedcpp/xpack-arm-none-eabi-gcc-10.2.1-1.1/bin/../lib/gcc/arm-none-eabi/10.2.1/../../../../arm-none-eabi/lib/thumb/v7e-m+dp/hard\libg.a(lib_a-assert.o)
                0x00000000004099cc                __assert_func
 .text.atexit   0x0000000000409a0c        0xc c:/workspace/tools/eclipse-embedcpp/xpack-arm-none-eabi-gcc-10.2.1-1.1/bin/../lib/gcc/arm-none-eabi/10.2.1/../../../../arm-none-eabi/lib/thumb/v7e-m+dp/hard\libg.a(lib_a-atexit.o)
                0x0000000000409a0c                atexit
 .text._calloc_r
                0x0000000000409a18       0x60 c:/workspace/tools/eclipse-embedcpp/xpack-arm-none-eabi-gcc-10.2.1-1.1/bin/../lib/gcc/arm-none-eabi/10.2.1/../../../../arm-none-eabi/lib/thumb/v7e-m+dp/hard\libg.a(lib_a-callocr.o)
                0x0000000000409a18                _calloc_r
 .text._close_r
                0x0000000000409a78       0x24 c:/workspace/tools/eclipse-embedcpp/xpack-arm-none-eabi-gcc-10.2.1-1.1/bin/../lib/gcc/arm-none-eabi/10.2.1/../../../../arm-none-eabi/lib/thumb/v7e-m+dp/hard\libg.a(lib_a-closer.o)
                0x0000000000409a78                _close_r
 .text._fclose_r
                0x0000000000409a9c       0xcc c:/workspace/tools/eclipse-embedcpp/xpack-arm-none-eabi-gcc-10.2.1-1.1/bin/../lib/gcc/arm-none-eabi/10.2.1/../../../../arm-none-eabi/lib/thumb/v7e-m+dp/hard\libg.a(lib_a-fclose.o)
                0x0000000000409a9c                _fclose_r
 .text.fiprintf
                0x0000000000409b68       0x28 c:/workspace/tools/eclipse-embedcpp/xpack-arm-none-eabi-gcc-10.2.1-1.1/bin/../lib/gcc/arm-none-eabi/10.2.1/../../../../arm-none-eabi/lib/thumb/v7e-m+dp/hard\libg.a(lib_a-fiprintf.o)
                0x0000000000409b68                fiprintf
 .text.__fputwc
                0x0000000000409b90       0xa8 c:/workspace/tools/eclipse-embedcpp/xpack-arm-none-eabi-gcc-10.2.1-1.1/bin/../lib/gcc/arm-none-eabi/10.2.1/../../../../arm-none-eabi/lib/thumb/v7e-m+dp/hard\libg.a(lib_a-fputwc.o)
                0x0000000000409b90                __fputwc
 .text._fputwc_r
                0x0000000000409c38       0x68 c:/workspace/tools/eclipse-embedcpp/xpack-arm-none-eabi-gcc-10.2.1-1.1/bin/../lib/gcc/arm-none-eabi/10.2.1/../../../../arm-none-eabi/lib/thumb/v7e-m+dp/hard\libg.a(lib_a-fputwc.o)
                0x0000000000409c38                _fputwc_r
 .text._fstat_r
                0x0000000000409ca0       0x2c c:/workspace/tools/eclipse-embedcpp/xpack-arm-none-eabi-gcc-10.2.1-1.1/bin/../lib/gcc/arm-none-eabi/10.2.1/../../../../arm-none-eabi/lib/thumb/v7e-m+dp/hard\libg.a(lib_a-fstatr.o)
                0x0000000000409ca0                _fstat_r
 .text._isatty_r
                0x0000000000409ccc       0x24 c:/workspace/tools/eclipse-embedcpp/xpack-arm-none-eabi-gcc-10.2.1-1.1/bin/../lib/gcc/arm-none-eabi/10.2.1/../../../../arm-none-eabi/lib/thumb/v7e-m+dp/hard\libg.a(lib_a-isattyr.o)
                0x0000000000409ccc                _isatty_r
 .text._lseek_r
                0x0000000000409cf0       0x2c c:/workspace/tools/eclipse-embedcpp/xpack-arm-none-eabi-gcc-10.2.1-1.1/bin/../lib/gcc/arm-none-eabi/10.2.1/../../../../arm-none-eabi/lib/thumb/v7e-m+dp/hard\libg.a(lib_a-lseekr.o)
                0x0000000000409cf0                _lseek_r
 .text._read_r  0x0000000000409d1c       0x2c c:/workspace/tools/eclipse-embedcpp/xpack-arm-none-eabi-gcc-10.2.1-1.1/bin/../lib/gcc/arm-none-eabi/10.2.1/../../../../arm-none-eabi/lib/thumb/v7e-m+dp/hard\libg.a(lib_a-readr.o)
                0x0000000000409d1c                _read_r
 .text.__swbuf_r
                0x0000000000409d48       0xb0 c:/workspace/tools/eclipse-embedcpp/xpack-arm-none-eabi-gcc-10.2.1-1.1/bin/../lib/gcc/arm-none-eabi/10.2.1/../../../../arm-none-eabi/lib/thumb/v7e-m+dp/hard\libg.a(lib_a-wbuf.o)
                0x0000000000409d48                __swbuf_r
 .text._wcrtomb_r
                0x0000000000409df8       0x3c c:/workspace/tools/eclipse-embedcpp/xpack-arm-none-eabi-gcc-10.2.1-1.1/bin/../lib/gcc/arm-none-eabi/10.2.1/../../../../arm-none-eabi/lib/thumb/v7e-m+dp/hard\libg.a(lib_a-wcrtomb.o)
                0x0000000000409df8                _wcrtomb_r
 .text.__register_exitproc
                0x0000000000409e34       0x8c c:/workspace/tools/eclipse-embedcpp/xpack-arm-none-eabi-gcc-10.2.1-1.1/bin/../lib/gcc/arm-none-eabi/10.2.1/../../../../arm-none-eabi/lib/thumb/v7e-m+dp/hard\libg.a(lib_a-__atexit.o)
                0x0000000000409e34                __register_exitproc
 .text          0x0000000000409ec0       0x30 c:/workspace/tools/eclipse-embedcpp/xpack-arm-none-eabi-gcc-10.2.1-1.1/bin/../lib/gcc/arm-none-eabi/10.2.1/thumb/v7e-m+dp/hard\libgcc.a(_aeabi_uldivmod.o)
                0x0000000000409ec0                __aeabi_uldivmod
 .text.__udivmoddi4
                0x0000000000409ef0      0x2d0 c:/workspace/tools/eclipse-embedcpp/xpack-arm-none-eabi-gcc-10.2.1-1.1/bin/../lib/gcc/arm-none-eabi/10.2.1/thumb/v7e-m+dp/hard\libgcc.a(_udivmoddi4.o)
                0x0000000000409ef0                __udivmoddi4
 .text          0x000000000040a1c0        0x4 c:/workspace/tools/eclipse-embedcpp/xpack-arm-none-eabi-gcc-10.2.1-1.1/bin/../lib/gcc/arm-none-eabi/10.2.1/thumb/v7e-m+dp/hard\libgcc.a(_dvmd_tls.o)
                0x000000000040a1c0                __aeabi_idiv0
                0x000000000040a1c0                __aeabi_ldiv0
 *(.glue_7t)
 .glue_7t       0x000000000040a1c4        0x0 linker stubs
 *(.glue_7)
 .glue_7        0x000000000040a1c4        0x0 linker stubs
 *(.rodata .rodata* .gnu.linkonce.r.*)
 .rodata._tx_timer_initialize.str1.4
                0x000000000040a1c4       0x14 ./threadx/common/src/tx_timer_initialize.o
 .rodata._cfgs  0x000000000040a1d8       0xc0 ./hpl/xdmac/hpl_xdmac.o
 .rodata._usarts
                0x000000000040a298        0xc ./hpl/usart/hpl_usart.o
 .rodata._i2cm_sync_cfgs
                0x000000000040a2a4       0x18 ./hpl/twihs/hpl_twihs.o
 .rodata._exit.str1.4
                0x000000000040a2bc       0x19 ./hal/utils/src/utils_syscalls.o
 *fill*         0x000000000040a2d5        0x3 
 .rodata.fault_handler_trace.str1.4
                0x000000000040a2d8       0xc2 ./Device_Startup/startup_same70q21b.o
 *fill*         0x000000000040a39a        0x2 
 .rodata.main.str1.4
                0x000000000040a39c       0x2b ./main.o
 *fill*         0x000000000040a3c7        0x1 
 .rodata.led_thread_entry.str1.4
                0x000000000040a3c8        0xe ./rtos_start.o
 *fill*         0x000000000040a3d6        0x2 
 .rodata.tx_application_define.str1.4
                0x000000000040a3d8       0x5f ./rtos_start.o
 *fill*         0x000000000040a437        0x1 
 .rodata._global_impure_ptr
                0x000000000040a438        0x4 c:/workspace/tools/eclipse-embedcpp/xpack-arm-none-eabi-gcc-10.2.1-1.1/bin/../lib/gcc/arm-none-eabi/10.2.1/../../../../arm-none-eabi/lib/thumb/v7e-m+dp/hard\libg.a(lib_a-impure.o)
                0x000000000040a438                _global_impure_ptr
 .rodata._puts_r.str1.4
                0x000000000040a43c       0x5f c:/workspace/tools/eclipse-embedcpp/xpack-arm-none-eabi-gcc-10.2.1-1.1/bin/../lib/gcc/arm-none-eabi/10.2.1/../../../../arm-none-eabi/lib/thumb/v7e-m+dp/hard\libg.a(lib_a-puts.o)
                                          0x2 (size before relaxing)
 .rodata._vfprintf_r.str1.4
                0x000000000040a43c       0x42 c:/workspace/tools/eclipse-embedcpp/xpack-arm-none-eabi-gcc-10.2.1-1.1/bin/../lib/gcc/arm-none-eabi/10.2.1/../../../../arm-none-eabi/lib/thumb/v7e-m+dp/hard\libg.a(lib_a-vfprintf.o)
 *fill*         0x000000000040a47e        0x2 
 .rodata.blanks.1
                0x000000000040a480       0x10 c:/workspace/tools/eclipse-embedcpp/xpack-arm-none-eabi-gcc-10.2.1-1.1/bin/../lib/gcc/arm-none-eabi/10.2.1/../../../../arm-none-eabi/lib/thumb/v7e-m+dp/hard\libg.a(lib_a-vfprintf.o)
 .rodata.zeroes.0
                0x000000000040a490       0x10 c:/workspace/tools/eclipse-embedcpp/xpack-arm-none-eabi-gcc-10.2.1-1.1/bin/../lib/gcc/arm-none-eabi/10.2.1/../../../../arm-none-eabi/lib/thumb/v7e-m+dp/hard\libg.a(lib_a-vfprintf.o)
 .rodata._dtoa_r.str1.4
                0x000000000040a4a0       0x7e c:/workspace/tools/eclipse-embedcpp/xpack-arm-none-eabi-gcc-10.2.1-1.1/bin/../lib/gcc/arm-none-eabi/10.2.1/../../../../arm-none-eabi/lib/thumb/v7e-m+dp/hard\libg.a(lib_a-dtoa.o)
                                         0x82 (size before relaxing)
 *fill*         0x000000000040a51e        0x2 
 .rodata._setlocale_r.str1.4
                0x000000000040a520        0xa c:/workspace/tools/eclipse-embedcpp/xpack-arm-none-eabi-gcc-10.2.1-1.1/bin/../lib/gcc/arm-none-eabi/10.2.1/../../../../arm-none-eabi/lib/thumb/v7e-m+dp/hard\libg.a(lib_a-locale.o)
                                          0xd (size before relaxing)
 *fill*         0x000000000040a52a        0x2 
 .rodata.str1.4
                0x000000000040a52c        0x2 c:/workspace/tools/eclipse-embedcpp/xpack-arm-none-eabi-gcc-10.2.1-1.1/bin/../lib/gcc/arm-none-eabi/10.2.1/../../../../arm-none-eabi/lib/thumb/v7e-m+dp/hard\libg.a(lib_a-locale.o)
 *fill*         0x000000000040a52e        0x2 
 .rodata.__multadd.str1.4
                0x000000000040a530       0x5b c:/workspace/tools/eclipse-embedcpp/xpack-arm-none-eabi-gcc-10.2.1-1.1/bin/../lib/gcc/arm-none-eabi/10.2.1/../../../../arm-none-eabi/lib/thumb/v7e-m+dp/hard\libg.a(lib_a-mprec.o)
                                         0x6f (size before relaxing)
 *fill*         0x000000000040a58b        0x5 
 .rodata.__mprec_bigtens
                0x000000000040a590       0x28 c:/workspace/tools/eclipse-embedcpp/xpack-arm-none-eabi-gcc-10.2.1-1.1/bin/../lib/gcc/arm-none-eabi/10.2.1/../../../../arm-none-eabi/lib/thumb/v7e-m+dp/hard\libg.a(lib_a-mprec.o)
                0x000000000040a590                __mprec_bigtens
 .rodata.__mprec_tens
                0x000000000040a5b8       0xc8 c:/workspace/tools/eclipse-embedcpp/xpack-arm-none-eabi-gcc-10.2.1-1.1/bin/../lib/gcc/arm-none-eabi/10.2.1/../../../../arm-none-eabi/lib/thumb/v7e-m+dp/hard\libg.a(lib_a-mprec.o)
                0x000000000040a5b8                __mprec_tens
 .rodata.p05.0  0x000000000040a680        0xc c:/workspace/tools/eclipse-embedcpp/xpack-arm-none-eabi-gcc-10.2.1-1.1/bin/../lib/gcc/arm-none-eabi/10.2.1/../../../../arm-none-eabi/lib/thumb/v7e-m+dp/hard\libg.a(lib_a-mprec.o)
 .rodata._vfiprintf_r.str1.4
                0x000000000040a68c       0x2f c:/workspace/tools/eclipse-embedcpp/xpack-arm-none-eabi-gcc-10.2.1-1.1/bin/../lib/gcc/arm-none-eabi/10.2.1/../../../../arm-none-eabi/lib/thumb/v7e-m+dp/hard\libg.a(lib_a-vfiprintf.o)
 .rodata.blanks.1
                0x000000000040a68c       0x10 c:/workspace/tools/eclipse-embedcpp/xpack-arm-none-eabi-gcc-10.2.1-1.1/bin/../lib/gcc/arm-none-eabi/10.2.1/../../../../arm-none-eabi/lib/thumb/v7e-m+dp/hard\libg.a(lib_a-vfiprintf.o)
 .rodata.zeroes.0
                0x000000000040a69c       0x10 c:/workspace/tools/eclipse-embedcpp/xpack-arm-none-eabi-gcc-10.2.1-1.1/bin/../lib/gcc/arm-none-eabi/10.2.1/../../../../arm-none-eabi/lib/thumb/v7e-m+dp/hard\libg.a(lib_a-vfiprintf.o)
 .rodata.__assert_func.str1.4
                0x000000000040a6ac       0x3f c:/workspace/tools/eclipse-embedcpp/xpack-arm-none-eabi-gcc-10.2.1-1.1/bin/../lib/gcc/arm-none-eabi/10.2.1/../../../../arm-none-eabi/lib/thumb/v7e-m+dp/hard\libg.a(lib_a-assert.o)
                                         0x43 (size before relaxing)
 *fill*         0x000000000040a6eb        0x1 
 .rodata._ctype_
                0x000000000040a6ec      0x101 c:/workspace/tools/eclipse-embedcpp/xpack-arm-none-eabi-gcc-10.2.1-1.1/bin/../lib/gcc/arm-none-eabi/10.2.1/../../../../arm-none-eabi/lib/thumb/v7e-m+dp/hard\libg.a(lib_a-ctype_.o)
                0x000000000040a6ec                _ctype_
 *(.ARM.extab* .gnu.linkonce.armextab.*)
 *fill*         0x000000000040a7ed        0x3 
 .ARM.extab.text.main
                0x000000000040a7f0        0xc ./main.o
 .ARM.extab.text.abort
                0x000000000040a7fc        0xc c:/workspace/tools/eclipse-embedcpp/xpack-arm-none-eabi-gcc-10.2.1-1.1/bin/../lib/gcc/arm-none-eabi/10.2.1/../../../../arm-none-eabi/lib/thumb/v7e-m+dp/hard\libg.a(lib_a-abort.o)
 .ARM.extab.text.printf
                0x000000000040a808        0xc c:/workspace/tools/eclipse-embedcpp/xpack-arm-none-eabi-gcc-10.2.1-1.1/bin/../lib/gcc/arm-none-eabi/10.2.1/../../../../arm-none-eabi/lib/thumb/v7e-m+dp/hard\libg.a(lib_a-printf.o)
 .ARM.extab.text._vfprintf_r
                0x000000000040a814        0xc c:/workspace/tools/eclipse-embedcpp/xpack-arm-none-eabi-gcc-10.2.1-1.1/bin/../lib/gcc/arm-none-eabi/10.2.1/../../../../arm-none-eabi/lib/thumb/v7e-m+dp/hard\libg.a(lib_a-vfprintf.o)
 .ARM.extab.text.__sbprintf
                0x000000000040a820        0xc c:/workspace/tools/eclipse-embedcpp/xpack-arm-none-eabi-gcc-10.2.1-1.1/bin/../lib/gcc/arm-none-eabi/10.2.1/../../../../arm-none-eabi/lib/thumb/v7e-m+dp/hard\libg.a(lib_a-vfprintf.o)
 .ARM.extab.text._dtoa_r
                0x000000000040a82c        0xc c:/workspace/tools/eclipse-embedcpp/xpack-arm-none-eabi-gcc-10.2.1-1.1/bin/../lib/gcc/arm-none-eabi/10.2.1/../../../../arm-none-eabi/lib/thumb/v7e-m+dp/hard\libg.a(lib_a-dtoa.o)
 .ARM.extab.text._vfiprintf_r
                0x000000000040a838        0xc c:/workspace/tools/eclipse-embedcpp/xpack-arm-none-eabi-gcc-10.2.1-1.1/bin/../lib/gcc/arm-none-eabi/10.2.1/../../../../arm-none-eabi/lib/thumb/v7e-m+dp/hard\libg.a(lib_a-vfiprintf.o)
 .ARM.extab.text.__sbprintf
                0x000000000040a844        0xc c:/workspace/tools/eclipse-embedcpp/xpack-arm-none-eabi-gcc-10.2.1-1.1/bin/../lib/gcc/arm-none-eabi/10.2.1/../../../../arm-none-eabi/lib/thumb/v7e-m+dp/hard\libg.a(lib_a-vfiprintf.o)
 .ARM.extab.text.fiprintf
                0x000000000040a850        0xc c:/workspace/tools/eclipse-embedcpp/xpack-arm-none-eabi-gcc-10.2.1-1.1/bin/../lib/gcc/arm-none-eabi/10.2.1/../../../../arm-none-eabi/lib/thumb/v7e-m+dp/hard\libg.a(lib_a-fiprintf.o)
                0x000000000040a85c                . = ALIGN (0x4)
 *(.init)
 .init          0x000000000040a85c        0x4 c:/workspace/tools/eclipse-embedcpp/xpack-arm-none-eabi-gcc-10.2.1-1.1/bin/../lib/gcc/arm-none-eabi/10.2.1/thumb/v7e-m+dp/hard/crti.o
                0x000000000040a85c                _init
 .init          0x000000000040a860        0x8 c:/workspace/tools/eclipse-embedcpp/xpack-arm-none-eabi-gcc-10.2.1-1.1/bin/../lib/gcc/arm-none-eabi/10.2.1/thumb/v7e-m+dp/hard/crtn.o
                0x000000000040a868                . = ALIGN (0x4)
                0x000000000040a868                __preinit_array_start = .
 *(.preinit_array)
                0x000000000040a868                __preinit_array_end = .
                0x000000000040a868                . = ALIGN (0x4)
                0x000000000040a868                __init_array_start = .
 *(SORT_BY_NAME(.init_array.*))
 .init_array.00000
                0x000000000040a868        0x4 c:/workspace/tools/eclipse-embedcpp/xpack-arm-none-eabi-gcc-10.2.1-1.1/bin/../lib/gcc/arm-none-eabi/10.2.1/../../../../arm-none-eabi/lib/thumb/v7e-m+dp/hard\libg.a(lib_a-__call_atexit.o)
 *(.init_array)
 .init_array    0x000000000040a86c        0x4 c:/workspace/tools/eclipse-embedcpp/xpack-arm-none-eabi-gcc-10.2.1-1.1/bin/../lib/gcc/arm-none-eabi/10.2.1/thumb/v7e-m+dp/hard/crtbegin.o
                0x000000000040a870                __init_array_end = .
                0x000000000040a870                . = ALIGN (0x4)
 *crtbegin.o(.ctors)
 *(EXCLUDE_FILE(*crtend.o) .ctors)
 *(SORT_BY_NAME(.ctors.*))
 *crtend.o(.ctors)
                0x000000000040a870                . = ALIGN (0x4)
 *(.fini)
 .fini          0x000000000040a870        0x4 c:/workspace/tools/eclipse-embedcpp/xpack-arm-none-eabi-gcc-10.2.1-1.1/bin/../lib/gcc/arm-none-eabi/10.2.1/thumb/v7e-m+dp/hard/crti.o
                0x000000000040a870                _fini
 .fini          0x000000000040a874        0x8 c:/workspace/tools/eclipse-embedcpp/xpack-arm-none-eabi-gcc-10.2.1-1.1/bin/../lib/gcc/arm-none-eabi/10.2.1/thumb/v7e-m+dp/hard/crtn.o
                0x000000000040a87c                . = ALIGN (0x4)
                0x000000000040a87c                __fini_array_start = .
 *(.fini_array)
 .fini_array    0x000000000040a87c        0x4 c:/workspace/tools/eclipse-embedcpp/xpack-arm-none-eabi-gcc-10.2.1-1.1/bin/../lib/gcc/arm-none-eabi/10.2.1/thumb/v7e-m+dp/hard/crtbegin.o
 *(SORT_BY_NAME(.fini_array.*))
                0x000000000040a880                __fini_array_end = .
 *crtbegin.o(.dtors)
 *(EXCLUDE_FILE(*crtend.o) .dtors)
 *(SORT_BY_NAME(.dtors.*))
 *crtend.o(.dtors)
                0x000000000040a880                . = ALIGN (0x4)
                0x000000000040a880                _efixed = .
                0x000000000040a880                PROVIDE (__exidx_start = .)

.vfp11_veneer   0x000000000040a880        0x0
 .vfp11_veneer  0x000000000040a880        0x0 linker stubs

.v4_bx          0x000000000040a880        0x0
 .v4_bx         0x000000000040a880        0x0 linker stubs

.iplt           0x000000000040a880        0x0
 .iplt          0x000000000040a880        0x0 c:/workspace/tools/eclipse-embedcpp/xpack-arm-none-eabi-gcc-10.2.1-1.1/bin/../lib/gcc/arm-none-eabi/10.2.1/thumb/v7e-m+dp/hard/crtbegin.o

.igot.plt       0x000000000040a880        0x0
 .igot.plt      0x000000000040a880        0x0 c:/workspace/tools/eclipse-embedcpp/xpack-arm-none-eabi-gcc-10.2.1-1.1/bin/../lib/gcc/arm-none-eabi/10.2.1/thumb/v7e-m+dp/hard/crtbegin.o

.ARM.exidx      0x000000000040a880      0x2b0
 *(.ARM.exidx* .gnu.linkonce.armexidx.*)
 .ARM.exidx.text.main
                0x000000000040a880       0x10 ./main.o
                                          0x8 (size before relaxing)
 .ARM.exidx.text.selfrel_offset31
                0x000000000040a890        0x0 c:/workspace/tools/eclipse-embedcpp/xpack-arm-none-eabi-gcc-10.2.1-1.1/bin/../lib/gcc/arm-none-eabi/10.2.1/thumb/v7e-m+dp/hard\libgcc.a(unwind-arm.o)
                                          0x8 (size before relaxing)
 .ARM.exidx.text.search_EIT_table
                0x000000000040a890        0x0 c:/workspace/tools/eclipse-embedcpp/xpack-arm-none-eabi-gcc-10.2.1-1.1/bin/../lib/gcc/arm-none-eabi/10.2.1/thumb/v7e-m+dp/hard\libgcc.a(unwind-arm.o)
                                          0x8 (size before relaxing)
 .ARM.exidx.text.__gnu_unwind_get_pr_addr
                0x000000000040a890        0x0 c:/workspace/tools/eclipse-embedcpp/xpack-arm-none-eabi-gcc-10.2.1-1.1/bin/../lib/gcc/arm-none-eabi/10.2.1/thumb/v7e-m+dp/hard\libgcc.a(unwind-arm.o)
                                          0x8 (size before relaxing)
 .ARM.exidx.text.get_eit_entry
                0x000000000040a890        0x8 c:/workspace/tools/eclipse-embedcpp/xpack-arm-none-eabi-gcc-10.2.1-1.1/bin/../lib/gcc/arm-none-eabi/10.2.1/thumb/v7e-m+dp/hard\libgcc.a(unwind-arm.o)
 .ARM.exidx.text.restore_non_core_regs
                0x000000000040a898        0x8 c:/workspace/tools/eclipse-embedcpp/xpack-arm-none-eabi-gcc-10.2.1-1.1/bin/../lib/gcc/arm-none-eabi/10.2.1/thumb/v7e-m+dp/hard\libgcc.a(unwind-arm.o)
 .ARM.exidx.text._Unwind_decode_typeinfo_ptr.constprop.0
                0x000000000040a8a0        0x8 c:/workspace/tools/eclipse-embedcpp/xpack-arm-none-eabi-gcc-10.2.1-1.1/bin/../lib/gcc/arm-none-eabi/10.2.1/thumb/v7e-m+dp/hard\libgcc.a(unwind-arm.o)
 .ARM.exidx.text._Unwind_DebugHook
                0x000000000040a8a8        0x0 c:/workspace/tools/eclipse-embedcpp/xpack-arm-none-eabi-gcc-10.2.1-1.1/bin/../lib/gcc/arm-none-eabi/10.2.1/thumb/v7e-m+dp/hard\libgcc.a(unwind-arm.o)
                                          0x8 (size before relaxing)
 .ARM.exidx.text.unwind_phase2
                0x000000000040a8a8        0x8 c:/workspace/tools/eclipse-embedcpp/xpack-arm-none-eabi-gcc-10.2.1-1.1/bin/../lib/gcc/arm-none-eabi/10.2.1/thumb/v7e-m+dp/hard\libgcc.a(unwind-arm.o)
 .ARM.exidx.text.unwind_phase2_forced
                0x000000000040a8b0        0x8 c:/workspace/tools/eclipse-embedcpp/xpack-arm-none-eabi-gcc-10.2.1-1.1/bin/../lib/gcc/arm-none-eabi/10.2.1/thumb/v7e-m+dp/hard\libgcc.a(unwind-arm.o)
 .ARM.exidx.text.__gnu_Unwind_RaiseException
                0x000000000040a8b8        0x8 c:/workspace/tools/eclipse-embedcpp/xpack-arm-none-eabi-gcc-10.2.1-1.1/bin/../lib/gcc/arm-none-eabi/10.2.1/thumb/v7e-m+dp/hard\libgcc.a(unwind-arm.o)
 .ARM.exidx.text.__gnu_Unwind_ForcedUnwind
                0x000000000040a8c0        0x8 c:/workspace/tools/eclipse-embedcpp/xpack-arm-none-eabi-gcc-10.2.1-1.1/bin/../lib/gcc/arm-none-eabi/10.2.1/thumb/v7e-m+dp/hard\libgcc.a(unwind-arm.o)
 .ARM.exidx.text.__gnu_Unwind_Resume
                0x000000000040a8c8        0x8 c:/workspace/tools/eclipse-embedcpp/xpack-arm-none-eabi-gcc-10.2.1-1.1/bin/../lib/gcc/arm-none-eabi/10.2.1/thumb/v7e-m+dp/hard\libgcc.a(unwind-arm.o)
 .ARM.exidx.text.__gnu_Unwind_Resume_or_Rethrow
                0x000000000040a8d0        0x8 c:/workspace/tools/eclipse-embedcpp/xpack-arm-none-eabi-gcc-10.2.1-1.1/bin/../lib/gcc/arm-none-eabi/10.2.1/thumb/v7e-m+dp/hard\libgcc.a(unwind-arm.o)
 .ARM.exidx.text._Unwind_VRS_Get
                0x000000000040a8d8        0x0 c:/workspace/tools/eclipse-embedcpp/xpack-arm-none-eabi-gcc-10.2.1-1.1/bin/../lib/gcc/arm-none-eabi/10.2.1/thumb/v7e-m+dp/hard\libgcc.a(unwind-arm.o)
                                          0x8 (size before relaxing)
 .ARM.exidx.text._Unwind_GetGR
                0x000000000040a8d8        0x0 c:/workspace/tools/eclipse-embedcpp/xpack-arm-none-eabi-gcc-10.2.1-1.1/bin/../lib/gcc/arm-none-eabi/10.2.1/thumb/v7e-m+dp/hard\libgcc.a(unwind-arm.o)
                                          0x8 (size before relaxing)
 .ARM.exidx.text._Unwind_VRS_Set
                0x000000000040a8d8        0x0 c:/workspace/tools/eclipse-embedcpp/xpack-arm-none-eabi-gcc-10.2.1-1.1/bin/../lib/gcc/arm-none-eabi/10.2.1/thumb/v7e-m+dp/hard\libgcc.a(unwind-arm.o)
                                          0x8 (size before relaxing)
 .ARM.exidx.text._Unwind_SetGR
                0x000000000040a8d8        0x0 c:/workspace/tools/eclipse-embedcpp/xpack-arm-none-eabi-gcc-10.2.1-1.1/bin/../lib/gcc/arm-none-eabi/10.2.1/thumb/v7e-m+dp/hard\libgcc.a(unwind-arm.o)
                                          0x8 (size before relaxing)
 .ARM.exidx.text.__gnu_Unwind_Backtrace
                0x000000000040a8d8        0x8 c:/workspace/tools/eclipse-embedcpp/xpack-arm-none-eabi-gcc-10.2.1-1.1/bin/../lib/gcc/arm-none-eabi/10.2.1/thumb/v7e-m+dp/hard\libgcc.a(unwind-arm.o)
 .ARM.exidx.text.__gnu_unwind_pr_common
                0x000000000040a8e0        0x8 c:/workspace/tools/eclipse-embedcpp/xpack-arm-none-eabi-gcc-10.2.1-1.1/bin/../lib/gcc/arm-none-eabi/10.2.1/thumb/v7e-m+dp/hard\libgcc.a(unwind-arm.o)
 .ARM.exidx.text.__aeabi_unwind_cpp_pr0
                0x000000000040a8e8        0x8 c:/workspace/tools/eclipse-embedcpp/xpack-arm-none-eabi-gcc-10.2.1-1.1/bin/../lib/gcc/arm-none-eabi/10.2.1/thumb/v7e-m+dp/hard\libgcc.a(unwind-arm.o)
 .ARM.exidx.text.__aeabi_unwind_cpp_pr1
                0x000000000040a8f0        0x0 c:/workspace/tools/eclipse-embedcpp/xpack-arm-none-eabi-gcc-10.2.1-1.1/bin/../lib/gcc/arm-none-eabi/10.2.1/thumb/v7e-m+dp/hard\libgcc.a(unwind-arm.o)
                                          0x8 (size before relaxing)
 .ARM.exidx.text.__aeabi_unwind_cpp_pr2
                0x000000000040a8f0        0x0 c:/workspace/tools/eclipse-embedcpp/xpack-arm-none-eabi-gcc-10.2.1-1.1/bin/../lib/gcc/arm-none-eabi/10.2.1/thumb/v7e-m+dp/hard\libgcc.a(unwind-arm.o)
                                          0x8 (size before relaxing)
 .ARM.exidx.text._Unwind_VRS_Pop
                0x000000000040a8f0       0x10 c:/workspace/tools/eclipse-embedcpp/xpack-arm-none-eabi-gcc-10.2.1-1.1/bin/../lib/gcc/arm-none-eabi/10.2.1/thumb/v7e-m+dp/hard\libgcc.a(unwind-arm.o)
                                          0x8 (size before relaxing)
 .ARM.exidx.text.next_unwind_byte
                0x000000000040a900        0x0 c:/workspace/tools/eclipse-embedcpp/xpack-arm-none-eabi-gcc-10.2.1-1.1/bin/../lib/gcc/arm-none-eabi/10.2.1/thumb/v7e-m+dp/hard\libgcc.a(pr-support.o)